1784804490 29.3
1784804491 13.9
1784804492 15.8
1784804493 12.6
1784804494 15.1
1784804495 13.2
1784804496 15.7
1784804497 13.3
1784804498 14.0
1784804499 15.0
1784804500 14.6
1784804501 14.2
1784804502 13.9
1784804503 14.6
1784804504 13.8
1784804505 14.0
1784804506 13.1
1784804507 15.2
1784804508 14.0
1784804509 13.9
1784804510 16.6
1784804511 12.6
1784804512 15.0
1784804513 12.9
1784804514 16.0
1784804515 13.2
1784804516 13.8
1784804517 13.9
1784804518 14.2
1784804519 16.2
1784804520 15.6
1784804521 17.0
1784804522 13.4
1784804523 14.8
1784804524 14.6
1784804525 16.5
1784804526 15.1
1784804527 15.9
1784804528 14.9
1784804529 14.6
1784804530 16.0
1784804531 15.5
1784804532 15.9
1784804533 12.9
1784804534 16.5
1784804535 15.6
1784804536 15.8
1784804537 15.3
1784804538 15.4
1784804539 15.9
1784804540 15.8
1784804541 15.5
1784804542 14.2
1784804543 16.1
1784804544 14.9
1784804545 15.3
1784804546 17.5
1784804547 15.3
1784804548 15.0
1784804549 16.3
1784804550 19.3
1784804551 15.0
1784804552 16.8
1784804553 15.3
1784804554 15.4
1784804555 14.6
1784804556 15.9
1784804557 15.3
1784804558 15.8
1784804559 15.4
1784804560 17.2
1784804561 16.1
1784804562 16.4
1784804563 15.7
1784804564 16.0
1784804565 15.1
1784804566 14.6
1784804567 16.1
1784804568 15.7
1784804569 16.0
1784804570 16.4
1784804571 13.5
1784804572 14.3
1784804573 14.6
1784804574 16.7
1784804575 15.9
1784804576 15.4
1784804577 17.4
1784804578 14.4
1784804580 16.5
1784804581 15.3
1784804582 15.2
1784804583 14.3
1784804584 13.7
1784804585 15.7
1784804586 13.6
1784804587 13.6
1784804588 14.5
1784804589 14.2
1784804590 16.6
1784804591 15.6
1784804592 13.2
1784804593 15.0
1784804594 13.8
1784804595 15.2
1784804596 13.7
1784804597 14.4
1784804598 14.4
1784804599 13.1
1784804600 16.6
1784804601 13.9
1784804602 13.9
1784804603 15.1
1784804604 13.9
1784804605 14.5
1784804606 14.8
1784804607 14.3
1784804608 15.0
1784804609 14.1
1784804610 17.7
1784804611 14.1
1784804612 14.1
1784804613 14.7
1784804614 13.5
1784804615 15.6
1784804616 12.9
1784804617 14.7
1784804618 14.4
1784804619 14.4
1784804620 17.8
1784804621 13.8
1784804622 12.8
1784804623 15.1
1784804624 13.7
1784804625 15.3
1784804626 13.7
1784804627 13.8
1784804628 13.6
1784804629 14.0
1784804630 16.3
1784804631 14.3
1784804632 13.6
1784804633 14.9
1784804634 12.9
1784804635 15.1
1784804636 13.7
1784804637 14.2
1784804638 14.3
1784804639 14.0
1784804640 17.2
1784804641 13.3
1784804642 14.6
1784804643 15.1
1784804644 15.9
1784804645 15.0
1784804646 13.0
1784804647 14.3
1784804648 14.3
1784804649 14.7
1784804650 16.1
1784804651 14.2
1784804652 13.4
1784804653 14.3
1784804654 14.5
1784804655 15.1
1784804656 14.0
1784804657 14.1
1784804658 13.6
1784804659 14.1
1784804660 15.7
1784804661 14.3
1784804662 14.3
1784804663 14.2
1784804664 13.7
1784804665 15.3
1784804666 13.9
1784804667 14.7
1784804668 14.0
1784804669 15.1
1784804670 18.0
1784804671 14.4
1784804672 14.7
1784804673 14.0
1784804674 14.7
1784804675 15.1
1784804676 13.7
1784804677 13.1
1784804678 13.9
1784804679 14.7
1784804680 16.4
1784804681 15.6
1784804682 14.4
1784804683 14.4
1784804684 13.5
1784804685 15.8
1784804686 14.1
1784804687 14.7
1784804688 15.5
1784804689 14.4
1784804690 16.2
1784804691 13.4
1784804692 13.9
1784804693 14.5
1784804694 14.4
1784804695 14.6
1784804696 14.0
1784804697 14.7
1784804698 14.1
1784804699 14.6
1784804700 17.9
1784804701 13.9
1784804702 13.2
1784804703 14.1
1784804704 14.4
1784804705 15.5
1784804706 13.7
1784804707 13.2
1784804708 14.2
1784804709 14.9
1784804710 16.3
1784804711 14.3
1784804712 13.7
1784804713 13.1
1784804714 14.6
1784804715 15.2
1784804716 14.2
1784804717 14.2
1784804718 13.8
1784804719 14.0
1784804720 15.0
1784804721 14.0
1784804722 13.8
1784804723 13.8
1784804724 13.8
1784804725 15.5
1784804726 14.2
1784804727 14.0
1784804728 14.3
1784804729 15.0
1784804730 19.3
1784804731 13.7
1784804732 14.0
1784804733 14.0
1784804734 14.3
1784804735 15.4
1784804736 13.0
1784804737 15.1
1784804738 12.8
1784804739 14.8
1784804740 16.1
1784804741 14.4
1784804742 12.6
1784804743 14.6
1784804744 15.3
1784804745 14.6
1784804746 13.9
1784804747 13.9
1784804748 13.7
1784804749 14.0
1784804750 16.2
1784804751 14.3
1784804752 12.8
1784804753 14.1
1784804754 13.8
1784804755 16.7
1784804756 13.0
1784804757 14.3
1784804758 14.2
1784804759 15.6
1784804760 18.0
1784804761 14.5
1784804762 16.1
1784804763 15.4
1784804764 15.7
1784804765 16.7
1784804766 16.1
1784804767 15.6
1784804768 17.0
1784804769 16.3
1784804770 19.7
1784804771 14.1
1784804772 14.2
1784804773 16.6
1784804774 15.6
1784804775 17.4
1784804776 17.5
1784804777 11.1
1784804779 13.5
1784804780 17.1
1784804781 16.7
1784804782 14.2
1784804783 15.7
1784804784 15.7
1784804785 17.4
1784804786 12.2
1784804787 13.8
1784804788 15.6
1784804789 17.1
1784804790 17.2
1784804791 16.5
1784804792 16.8
1784804793 16.5
1784804794 15.5
1784804795 15.0
1784804796 14.5
1784804797 14.1
1784804798 18.0
1784804799 12.2
1784804800 15.4
1784804801 14.4
1784804802 17.0
1784804803 13.9
1784804804 15.4
1784804805 20.5
1784804806 15.2
1784804807 13.6
1784804808 15.5
1784804809 17.1
1784804810 17.7
1784804811 15.7
1784804812 15.0
1784804813 16.3
1784804814 15.1
1784804815 16.2
1784804816 17.4
1784804817 15.7
1784804818 14.9
1784804819 13.9
1784804820 16.5
1784804821 14.4
1784804822 15.1
1784804823 15.2
1784804824 15.5
1784804825 17.0
1784804826 15.4
1784804827 16.7
1784804828 13.6
1784804829 13.3
1784804830 14.9
1784804831 12.4
1784804832 14.2
1784804833 13.2
1784804834 15.8
1784804835 17.0
1784804836 14.0
1784804837 14.5
1784804838 16.2
1784804839 14.3
1784804840 16.7
1784804841 14.2
1784804842 17.1
1784804843 13.7
1784804844 16.6
1784804845 17.0
1784804846 16.2
1784804847 19.9
1784804848 12.4
1784804849 15.4
1784804850 17.3
1784804851 14.9
1784804852 15.8
1784804853 14.3
1784804854 13.9
1784804855 17.9
1784804856 17.1
1784804857 14.3
1784804858 14.4
1784804859 13.9
1784804860 18.7
1784804861 13.3
1784804862 17.0
1784804863 14.9
1784804864 16.1
1784804865 14.6
1784804866 15.7
1784804867 15.8
1784804868 15.4
1784804869 16.0
1784804870 14.7
1784804871 15.8
1784804872 15.5
1784804873 13.1
1784804874 15.0
1784804875 14.4
1784804876 15.0
1784804877 13.3
1784804878 15.4
1784804879 14.5
1784804880 14.6
1784804881 15.3
1784804882 15.6
1784804883 13.3
1784804884 14.6
1784804885 16.0
1784804886 15.4
1784804887 13.4
1784804888 13.7
1784804889 15.5
1784804890 14.9
1784804891 14.5
1784804892 15.0
1784804893 15.3
1784804894 13.8
1784804895 13.4
1784804896 17.0
1784804897 13.7
1784804898 13.5
1784804899 15.0
1784804900 15.8
1784804901 14.3
1784804902 13.2
1784804903 15.2
1784804904 18.9
1784804905 13.7
1784804906 15.7
1784804907 14.1
1784804908 13.5
1784804909 12.9
1784804910 19.2
1784804911 14.9
1784804912 13.6
1784804913 14.0
1784804914 15.2
1784804915 13.4
1784804916 14.9
1784804917 14.5
1784804918 14.2
1784804919 13.3
1784804920 14.6
1784804921 16.7
1784804922 14.4
1784804923 12.8
1784804924 14.5
1784804925 15.7
1784804926 14.9
1784804927 13.7
1784804928 17.9
1784804929 16.2
1784804930 15.9
1784804931 14.0
1784804932 16.3
1784804933 11.8
1784804934 13.4
1784804935 16.0
1784804936 14.2
1784804937 15.2
1784804938 14.7
1784804939 15.0
1784804940 15.4
1784804941 16.0
1784804942 17.2
1784804943 14.6
1784804944 14.7
1784804945 14.2
1784804946 16.5
1784804947 13.6
1784804948 14.2
1784804949 16.6
1784804950 15.3
1784804951 13.2
1784804952 13.8
1784804953 13.9
1784804954 14.9
1784804955 13.3
1784804956 14.5
1784804957 14.8
1784804958 14.2
1784804959 13.0
1784804960 15.3
1784804961 15.4
1784804962 14.7
1784804963 16.7
1784804964 13.9
1784804965 18.0
1784804966 13.4
1784804967 12.9
1784804968 19.3
1784804969 12.3
1784804970 15.4
1784804971 15.1
1784804972 15.2
1784804973 13.3
1784804974 13.0
1784804975 14.4
1784804976 16.5
1784804977 13.7
1784804978 14.2
1784804979 16.9
1784804980 15.0
1784804981 15.2
1784804982 14.4
1784804983 14.9
1784804984 13.2
1784804986 14.1
1784804987 16.5
1784804988 13.9
1784804989 13.7
1784804990 15.4
1784804991 15.9
1784804992 14.7
1784804993 13.4
1784804994 14.1
1784804995 15.7
1784804996 13.6
1784804997 15.8
1784804998 15.6
1784804999 13.8
1784805000 16.6
1784805001 16.9
1784805002 14.2
1784805003 13.4
1784805004 14.5
1784805005 15.2
1784805006 14.0
1784805007 14.5
1784805008 14.7
1784805009 15.5
1784805010 14.6
1784805011 14.7
1784805012 15.6
1784805013 13.5
1784805014 13.3
1784805015 14.3
1784805016 15.2
1784805017 14.2
1784805018 13.6
1784805019 13.5
1784805020 17.2
1784805021 12.9
1784805022 15.7
1784805023 15.0
1784805024 13.4
1784805025 13.2
1784805026 14.3
1784805027 16.6
1784805028 13.4
1784805029 14.1
1784805030 17.5
1784805031 13.8
1784805032 14.6
1784805033 15.1
1784805034 16.2
1784805035 14.2
1784805036 13.9
1784805037 16.9
1784805038 13.2
1784805039 13.8
1784805040 15.7
1784805041 15.4
1784805042 16.2
1784805043 13.6
1784805044 14.0
1784805045 15.7
1784805046 14.4
1784805047 16.3
1784805048 13.5
1784805049 14.6
1784805050 14.7
1784805051 14.1
1784805052 16.8
1784805053 13.0
1784805054 14.3
1784805055 15.1
1784805056 15.7
1784805057 15.1
1784805058 15.4
1784805059 15.6
1784805060 21.1
1784805061 12.4
1784805062 15.7
1784805063 15.8
1784805064 14.0
1784805065 14.6
1784805066 15.8
1784805067 15.5
1784805068 14.1
1784805069 15.2
1784805070 14.6
1784805071 14.7
1784805072 15.1
1784805073 17.0
1784805074 15.8
1784805075 14.5
1784805076 15.0
1784805077 17.0
1784805078 15.7
1784805079 14.0
1784805080 15.7
1784805081 15.5
1784805082 12.4
1784805083 16.4
1784805084 14.3
1784805085 14.8
1784805086 15.0
1784805087 13.7
1784805088 16.0
1784805089 14.6
1784805090 15.0
1784805091 13.9
1784805092 15.6
1784805093 13.8
1784805094 13.8
1784805095 15.7
1784805096 14.2
1784805097 14.0
1784805098 15.5
1784805099 14.1
1784805100 15.6
1784805101 13.3
1784805102 15.8
1784805103 15.0
1784805104 13.2
1784805105 14.8
1784805106 14.7
1784805107 14.7
1784805108 13.8
1784805109 14.7
1784805110 14.8
1784805111 13.5
1784805112 14.0
1784805113 15.2
1784805114 14.4
1784805115 13.4
1784805116 14.8
1784805117 14.5
1784805118 13.5
1784805119 13.4
1784805120 15.7
1784805121 13.9
1784805122 14.3
1784805123 14.9
1784805124 14.2
1784805125 14.1
1784805126 14.0
1784805127 15.5
1784805128 14.9
1784805129 13.0
1784805130 16.1
1784805131 14.1
1784805132 14.4
1784805133 13.9
1784805134 14.6
1784805135 13.1
1784805136 14.1
1784805137 13.9
1784805138 15.9
1784805139 14.1
1784805140 13.4
1784805141 14.0
1784805142 14.9
1784805143 15.7
1784805144 13.0
1784805145 15.2
1784805146 14.0
1784805147 13.0
1784805148 16.5
1784805149 13.9
1784805150 17.0
1784805151 13.0
1784805152 16.4
1784805153 14.2
1784805154 14.3
1784805155 13.3
1784805156 14.9
1784805157 14.6
1784805158 14.3
1784805159 14.0
1784805160 14.9
1784805161 13.7
1784805162 14.1
1784805163 15.1
1784805164 14.0
1784805165 13.5
1784805166 13.0
1784805167 15.8
1784805168 14.8
1784805169 12.8
1784805170 15.9
1784805171 13.2
1784805172 15.1
1784805173 13.5
1784805174 14.8
1784805175 14.0
1784805176 13.4
1784805177 15.3
1784805178 13.9
1784805179 14.3
1784805180 14.8
1784805181 16.8
1784805183 17.6
1784805184 13.2
1784805185 13.2
1784805186 14.8
1784805187 14.3
1784805188 13.6
1784805189 15.6
1784805190 16.1
1784805191 14.6
1784805192 12.9
1784805193 15.2
1784805194 14.9
1784805195 13.7
1784805196 14.1
1784805197 14.2
1784805198 14.7
1784805199 13.9
1784805200 16.3
1784805201 12.5
1784805202 13.0
1784805203 14.3
1784805204 15.6
1784805205 14.8
1784805206 13.1
1784805207 15.2
1784805208 14.2
1784805209 14.9
1784805210 16.1
1784805211 13.8
1784805212 14.2
1784805213 13.8
1784805214 15.2
1784805215 14.0
1784805216 14.2
1784805217 13.7
1784805218 15.6
1784805219 15.1
1784805220 14.0
1784805221 15.0
1784805222 13.2
1784805223 15.1
1784805224 13.8
1784805225 15.2
1784805226 14.5
1784805227 13.1
1784805228 14.3
1784805229 15.3
1784805230 14.7
1784805231 14.3
1784805232 14.6
1784805233 15.1
1784805234 13.9
1784805235 14.3
1784805236 14.4
1784805237 14.2
1784805238 13.5
1784805239 16.1
1784805240 14.0
1784805241 14.8
1784805242 13.6
1784805243 15.5
1784805244 14.9
1784805245 13.6
1784805246 14.0
1784805247 14.4
1784805248 14.6
1784805249 14.1
1784805250 14.4
1784805251 14.3
1784805252 13.2
1784805253 13.4
1784805254 15.1
1784805255 14.2
1784805256 12.9
1784805257 14.9
1784805258 13.6
1784805259 14.5
1784805260 14.5
1784805261 15.0
1784805262 14.1
1784805263 15.6
1784805264 14.5
1784805265 15.1
1784805266 13.9
1784805267 13.6
1784805268 15.9
1784805269 14.4
1784805270 14.9
1784805271 14.0
1784805272 13.7
1784805273 14.8
1784805274 13.0
1784805275 14.4
1784805276 14.1
1784805277 13.8
1784805278 14.1
1784805279 15.3
1784805280 17.0
1784805281 13.8
1784805282 13.7
1784805283 15.1
1784805284 14.1
1784805285 14.9
1784805286 14.4
1784805287 14.2
1784805288 14.0
1784805289 14.3
1784805290 15.5
1784805291 14.2
1784805292 13.1
1784805293 14.9
1784805294 14.0
1784805295 15.2
1784805296 13.0
1784805297 15.4
1784805298 14.6
1784805299 13.5
1784805300 16.1
1784805301 14.4
1784805302 14.3
1784805303 14.0
1784805304 14.8
1784805305 15.1
1784805306 13.2
1784805307 14.2
1784805308 14.9
1784805309 14.4
1784805310 14.4
1784805311 14.6
1784805312 14.4
1784805313 15.0
1784805314 13.7
1784805315 15.3
1784805316 13.9
1784805317 13.3
1784805318 14.7
1784805319 14.2
1784805320 15.6
1784805321 14.1
1784805322 13.9
1784805323 14.7
1784805324 13.3
1784805325 15.1
1784805326 14.2
1784805327 14.1
1784805328 14.4
1784805329 14.5
1784805330 16.8
1784805331 13.9
1784805332 14.0
1784805333 15.0
1784805334 14.0
1784805335 14.1
1784805336 16.9
1784805337 14.0
1784805338 13.3
1784805339 14.7
1784805340 16.7
1784805341 14.8
1784805342 12.9
1784805343 14.6
1784805344 13.9
1784805345 15.1
1784805346 14.1
1784805347 14.2
1784805348 15.0
1784805349 13.3
1784805350 15.1
1784805351 14.2
1784805352 13.5
1784805353 15.0
1784805354 13.8
1784805355 13.8
1784805356 13.8
1784805357 14.6
1784805358 15.1
1784805359 14.5
1784805360 14.7
1784805361 14.4
1784805362 14.4
1784805363 15.5
1784805364 13.8
1784805365 14.8
1784805366 13.1
1784805367 14.5
1784805368 14.9
1784805369 14.2
1784805370 15.4
1784805371 13.3
1784805372 14.0
1784805373 15.2
1784805374 13.9
1784805375 15.3
1784805376 13.7
1784805377 14.2
1784805378 13.7
1784805379 14.9
1784805381 16.2
1784805382 14.5
1784805383 13.7
1784805384 15.5
1784805385 14.2
1784805386 13.9
1784805387 13.7
1784805388 14.3
1784805389 14.6
1784805390 15.6
1784805391 14.6
1784805392 14.6
1784805393 13.5
1784805394 16.2
1784805395 14.6
1784805396 14.7
1784805397 12.8
1784805398 14.2
1784805399 14.5
1784805400 14.9
1784805401 14.6
1784805402 13.4
1784805403 13.9
1784805404 15.3
1784805405 14.0
1784805406 15.5
1784805407 14.2
1784805408 13.6
1784805409 15.6
1784805410 16.8
1784805411 13.8
1784805412 14.7
1784805413 14.0
1784805414 14.8
1784805415 13.4
1784805416 14.9
1784805417 14.0
1784805418 15.3
1784805419 15.0
1784805420 15.3
1784805421 14.7
1784805422 14.6
1784805423 13.9
1784805424 15.2
1784805425 14.4
1784805426 14.9
1784805427 13.5
1784805428 14.3
1784805429 14.3
1784805430 15.6
1784805431 14.4
1784805432 13.9
1784805433 13.7
1784805434 13.8
1784805435 14.3
1784805436 14.7
1784805437 13.7
1784805438 13.9
1784805439 14.9
1784805440 16.3
1784805441 13.6
1784805442 14.1
1784805443 14.9
1784805444 15.3
1784805445 14.6
1784805446 15.0
1784805447 13.1
1784805448 14.9
1784805449 15.0
1784805450 16.7
1784805451 14.7
1784805452 15.9
1784805453 13.8
1784805454 14.9
1784805455 14.2
1784805456 14.1
1784805457 15.1
1784805458 14.6
1784805459 13.9
1784805460 15.4
1784805461 13.9
1784805462 14.8
1784805463 13.0
1784805464 15.4
1784805465 14.3
1784805466 13.2
1784805467 14.2
1784805468 14.5
1784805469 15.0
1784805470 14.9
1784805471 14.5
1784805472 14.6
1784805473 13.9
1784805474 14.2
1784805475 15.1
1784805476 14.2
1784805477 13.5
1784805478 14.4
1784805479 14.5
1784805480 13.4
1784805481 13.7
1784805482 15.6
1784805483 12.1
1784805484 15.6
1784805485 14.4
1784805486 14.1
1784805487 14.6
1784805488 13.7
1784805489 15.0
1784805490 15.0
1784805491 13.8
1784805492 14.0
1784805493 14.7
1784805494 14.9
1784805495 13.6
1784805496 13.8
1784805497 14.5
1784805498 14.3
1784805499 13.9
1784805500 13.7
1784805501 14.3
1784805502 14.7
1784805503 13.1
1784805504 16.5
1784805505 14.4
1784805506 13.3
1784805507 14.5
1784805508 14.0
1784805509 14.7
1784805510 16.7
1784805511 13.5
1784805512 15.5
1784805513 13.2
1784805514 14.7
1784805515 15.4
1784805516 14.4
1784805517 13.7
1784805518 14.7
1784805519 15.1
1784805520 15.4
1784805521 14.2
1784805522 15.4
1784805523 14.3
1784805524 14.2
1784805525 15.2
1784805526 14.7
1784805527 14.9
1784805528 13.9
1784805529 15.1
1784805530 15.9
1784805531 13.2
1784805532 14.3
1784805533 14.7
1784805534 14.7
1784805535 13.8
1784805536 13.7
1784805537 15.6
1784805538 13.4
1784805539 14.4
1784805540 15.5
1784805541 14.4
1784805542 14.1
1784805543 14.2
1784805544 15.5
1784805545 13.5
1784805546 13.0
1784805547 15.0
1784805548 15.3
1784805549 14.1
1784805550 15.8
1784805551 14.5
1784805552 15.2
1784805553 13.0
1784805554 15.0
1784805555 15.0
1784805556 12.5
1784805557 14.6
1784805558 13.0
1784805559 15.5
1784805560 14.2
1784805561 16.6
1784805562 15.0
1784805563 13.3
1784805564 13.8
1784805565 14.7
1784805566 14.6
1784805567 14.0
1784805568 14.0
1784805569 13.9
1784805570 16.8
1784805571 13.3
1784805572 14.3
1784805573 15.4
1784805574 13.4
1784805575 13.7
1784805576 13.9
1784805577 15.3
1784805578 13.2
1784805580 15.1
1784805581 15.3
1784805582 13.1
1784805583 13.8
1784805584 14.0
1784805585 16.2
1784805586 13.1
1784805587 13.0
1784805588 15.4
1784805589 15.1
1784805590 15.1
1784805591 14.6
1784805592 14.9
1784805593 13.9
1784805594 13.8
1784805595 14.8
1784805596 14.9
1784805597 13.3
1784805598 14.9
1784805599 14.6
1784805600 15.3
1784805601 13.4
1784805602 14.7
1784805603 15.7
1784805604 13.9
1784805605 15.1
1784805606 13.4
1784805607 15.0
1784805608 14.3
1784805609 14.0
1784805610 17.9
1784805611 13.0
1784805612 13.2
1784805613 14.8
1784805614 15.1
1784805615 14.6
1784805616 14.3
1784805617 13.2
1784805618 16.0
1784805619 13.1
1784805620 16.3
1784805621 15.3
1784805622 13.6
1784805623 14.0
1784805624 14.2
1784805625 16.2
1784805626 13.5
1784805627 13.8
1784805628 15.6
1784805629 13.7
1784805630 17.3
1784805631 13.6
1784805632 14.9
1784805633 13.7
1784805634 14.6
1784805635 15.9
1784805636 13.7
1784805637 13.2
1784805638 15.1
1784805639 15.2
1784805640 15.9
1784805641 13.3
1784805642 13.7
1784805643 15.2
1784805644 13.3
1784805645 14.6
1784805646 15.6
1784805647 13.0
1784805648 14.8
1784805649 13.8
1784805650 14.0
1784805651 13.6
1784805652 14.1
1784805653 14.2
1784805654 15.1
1784805655 15.1
1784805656 13.3
1784805657 15.5
1784805658 13.4
1784805659 14.6
1784805660 16.5
1784805661 14.1
1784805662 13.6
1784805663 13.8
1784805664 15.6
1784805665 13.7
1784805666 14.3
1784805667 13.9
1784805668 14.4
1784805669 13.8
1784805670 15.9
1784805671 14.3
1784805672 14.2
1784805673 13.6
1784805674 14.1
1784805675 16.1
1784805676 13.4
1784805677 13.9
1784805678 14.5
1784805679 14.7
1784805680 14.7
1784805681 14.1
1784805682 14.7
1784805683 14.4
1784805684 15.1
1784805685 14.9
1784805686 14.1
1784805687 12.8
1784805688 13.9
1784805689 14.8
1784805690 14.7
1784805691 14.0
1784805692 13.7
1784805693 14.6
1784805694 14.3
1784805695 14.4
1784805696 14.6
1784805697 14.6
1784805698 13.2
1784805699 15.4
1784805700 14.7
1784805701 14.7
1784805702 13.9
1784805703 13.5
1784805704 14.7
1784805705 14.4
1784805706 13.8
1784805707 14.1
1784805708 14.2
1784805709 14.1
1784805710 15.9
1784805711 14.7
1784805712 13.5
1784805713 13.7
1784805714 14.9
1784805715 15.1
1784805716 13.2
1784805717 13.7
1784805718 14.6
1784805719 14.6
1784805720 16.0
1784805721 14.4
1784805722 14.4
1784805723 12.8
1784805724 15.1
1784805725 15.6
1784805726 14.1
1784805727 14.2
1784805728 13.4
1784805729 14.8
1784805730 16.0
1784805731 14.9
1784805732 14.0
1784805733 14.4
1784805734 14.7
1784805735 15.1
1784805736 14.0
1784805737 14.1
1784805738 13.9
1784805739 14.9
1784805740 16.2
1784805741 13.3
1784805742 14.0
1784805743 14.2
1784805744 15.4
1784805745 15.4
1784805746 14.1
1784805747 14.3
1784805748 13.5
1784805749 14.6
1784805750 17.5
1784805751 13.9
1784805752 14.5
1784805753 13.7
1784805754 15.2
1784805755 13.6
1784805756 16.2
1784805757 13.8
1784805758 14.8
1784805759 14.7
1784805760 13.0
1784805761 14.0
1784805762 14.3
1784805763 13.9
1784805764 14.5
1784805765 14.9
1784805766 13.2
1784805767 15.1
1784805768 15.9
1784805769 14.1
1784805770 15.5
1784805771 13.2
1784805772 15.4
1784805773 13.1
1784805774 14.6
1784805775 14.6
1784805776 14.2
1784805777 14.3
1784805779 13.3
1784805780 14.7
1784805781 15.1
1784805782 14.6
1784805783 16.2
1784805784 18.4
1784805785 14.4
1784805786 10.6
1784805787 13.0
1784805788 13.8
1784805789 13.8
1784805790 16.2
1784805791 14.5
1784805792 13.8
1784805793 14.0
1784805794 13.7
1784805795 16.1
1784805796 13.1
1784805797 14.2
1784805798 13.8
1784805799 14.1
1784805800 16.5
1784805801 14.1
1784805802 13.6
1784805803 13.4
1784805804 13.8
1784805805 19.8
1784805806 11.5
1784805807 12.1
1784805808 13.1
1784805809 14.1
1784805810 17.9
1784805811 12.0
1784805812 14.0
1784805813 14.0
1784805814 13.8
1784805815 14.7
1784805816 13.5
1784805817 13.8
1784805818 15.0
1784805819 14.2
1784805820 15.4
1784805821 11.7
1784805822 13.9
1784805823 14.7
1784805824 14.1
1784805825 15.7
1784805826 13.1
1784805827 14.3
1784805828 13.9
1784805829 14.6
1784805830 16.2
1784805831 14.3
1784805832 13.1
1784805833 14.3
1784805834 14.3
1784805835 16.3
1784805836 14.0
1784805837 13.7
1784805838 14.3
1784805839 13.6
1784805840 16.7
1784805841 16.1
1784805842 14.7
1784805843 13.7
1784805844 14.2
1784805845 16.9
1784805846 14.0
1784805847 14.4
1784805848 14.0
1784805849 14.6
1784805850 15.1
1784805851 14.6
1784805852 14.0
1784805853 14.2
1784805854 13.8
1784805855 15.2
1784805856 14.4
1784805857 13.0
1784805858 13.8
1784805859 14.2
1784805860 15.7
1784805861 14.4
1784805862 13.6
1784805863 14.6
1784805864 13.2
1784805865 15.5
1784805866 14.1
1784805867 14.0
1784805868 12.7
1784805869 14.8
1784805870 17.7
1784805871 14.5
1784805872 14.0
1784805873 14.2
1784805874 14.3
1784805875 14.8
1784805876 14.1
1784805877 14.2
1784805878 13.7
1784805879 14.7
1784805880 15.0
1784805881 12.2
1784805882 13.0
1784805883 14.1
1784805884 13.9
1784805885 15.5
1784805886 13.6
1784805887 13.8
1784805888 14.1
1784805889 14.3
1784805890 15.9
1784805891 14.6
1784805892 14.1
1784805893 13.2
1784805894 13.9
1784805895 15.3
1784805896 14.6
1784805897 14.2
1784805898 15.0
1784805899 13.6
1784805900 16.0
1784805901 15.2
1784805902 14.5
1784805903 14.3
1784805904 13.0
1784805905 15.4
1784805906 14.7
1784805907 14.0
1784805908 13.7
1784805909 14.4
1784805910 15.3
1784805911 13.4
1784805912 13.8
1784805913 14.0
1784805914 14.1
1784805915 14.5
1784805916 14.6
1784805917 14.1
1784805918 13.8
1784805919 14.3
1784805920 15.7
1784805921 14.6
1784805922 12.7
1784805923 14.1
1784805924 14.4
1784805925 15.0
1784805926 14.2
1784805927 13.8
1784805928 13.0
1784805929 14.4
1784805930 18.4
1784805931 15.0
1784805932 14.3
1784805933 13.6
1784805934 14.2
1784805935 15.4
1784805936 14.6
1784805937 14.4
1784805938 14.1
1784805939 14.4
1784805940 15.0
1784805941 14.7
1784805942 13.7
1784805943 14.3
1784805944 14.2
1784805945 14.6
1784805946 15.0
1784805947 13.7
1784805948 14.2
1784805949 14.7
1784805950 17.7
1784805951 16.2
1784805952 14.0
1784805953 15.1
1784805954 13.7
1784805955 16.0
1784805956 15.0
1784805957 14.3
1784805958 13.9
1784805959 14.7
1784805960 15.4
1784805961 15.3
1784805962 13.9
1784805963 14.4
1784805964 13.2
1784805965 14.9
1784805966 13.7
1784805967 14.3
1784805968 14.2
1784805969 14.8
1784805970 16.2
1784805971 14.7
1784805972 12.8
1784805973 14.5
1784805974 14.0
1784805975 15.6
1784805976 14.3
1784805978 14.4
1784805979 13.0
1784805980 15.4
1784805981 16.4
1784805982 15.6
1784805983 14.6
1784805984 15.2
1784805985 14.3
1784805986 15.0
1784805987 14.4
1784805988 14.3
1784805989 14.0
1784805990 16.3
1784805991 13.4
1784805992 14.4
1784805993 13.5
1784805994 14.5
1784805995 13.9
1784805996 15.9
1784805997 13.4
1784805998 13.9
1784805999 13.9
1784806000 15.5
1784806001 15.0
1784806002 13.8
1784806003 13.5
1784806004 14.4
1784806005 14.7
1784806006 14.7
1784806007 14.6
1784806008 13.2
1784806009 14.2
1784806010 15.5
1784806011 14.5
1784806012 14.5
1784806013 13.2
1784806014 15.0
1784806015 13.7
1784806016 15.3
1784806017 14.5
1784806018 14.1
1784806019 14.3
1784806020 14.7
1784806021 16.3
1784806022 14.3
1784806023 14.1
1784806024 14.3
1784806025 14.2
1784806026 13.5
1784806027 14.5
1784806028 14.0
1784806029 13.8
1784806030 15.3
1784806031 13.5
1784806032 15.8
1784806033 12.9
1784806034 14.0
1784806035 14.2
1784806036 15.1
1784806037 13.5
1784806038 14.5
1784806039 14.7
1784806040 14.6
1784806041 15.0
1784806042 14.5
1784806043 14.1
1784806044 13.6
1784806045 15.0
1784806046 15.8
1784806047 14.1
1784806048 14.3
1784806049 13.5
1784806050 19.0
1784806051 15.2
1784806052 15.6
1784806053 14.8
1784806054 13.9
1784806055 14.2
1784806056 14.6
1784806057 15.9
1784806058 13.6
1784806059 14.8
1784806060 16.2
1784806061 16.0
1784806062 13.1
1784806063 14.8
1784806064 14.9
1784806065 13.8
1784806066 14.7
1784806067 13.7
1784806068 14.6
1784806069 13.6
1784806070 15.2
1784806071 15.8
1784806072 12.9
1784806073 14.5
1784806074 13.5
1784806075 15.6
1784806076 14.1
1784806077 14.8
1784806078 15.6
1784806079 13.3
1784806080 14.3
1784806081 15.6
1784806082 15.6
1784806083 13.7
1784806084 14.2
1784806085 14.0
1784806086 14.9
1784806087 13.3
1784806088 14.9
1784806089 15.1
1784806090 14.0
1784806091 15.6
1784806092 14.0
1784806093 15.6
1784806094 13.0
1784806095 14.6
1784806096 15.1
1784806097 13.1
1784806098 13.4
1784806099 14.5
1784806100 15.8
1784806101 14.2
1784806102 14.1
1784806103 14.0
1784806104 15.1
1784806105 13.5
1784806106 14.8
1784806107 15.6
1784806108 13.8
1784806109 13.4
1784806110 16.3
1784806111 15.5
1784806112 13.2
1784806113 14.7
1784806114 14.8
1784806115 13.7
1784806116 13.7
1784806117 14.4
1784806118 15.1
1784806119 13.6
1784806120 14.3
1784806121 17.5
1784806122 13.7
1784806123 13.9
1784806124 13.9
1784806125 15.6
1784806126 13.7
1784806127 13.4
1784806128 14.5
1784806129 14.9
1784806130 14.4
1784806131 14.0
1784806132 15.0
1784806133 14.5
1784806134 13.2
1784806135 14.3
1784806136 15.4
1784806137 13.2
1784806138 13.6
1784806139 15.4
1784806140 15.1
1784806141 16.5
1784806142 14.4
1784806143 14.7
1784806144 14.1
1784806145 14.0
1784806146 14.8
1784806147 15.3
1784806148 13.8
1784806149 13.9
1784806150 16.0
1784806151 15.3
1784806152 13.3
1784806153 15.1
1784806154 14.6
1784806155 14.5
1784806156 13.8
1784806157 15.1
1784806158 14.7
1784806159 13.4
1784806160 15.5
1784806161 15.4
1784806162 13.4
1784806163 14.1
1784806164 15.0
1784806165 15.1
1784806166 13.8
1784806167 13.6
1784806168 14.7
1784806169 14.3
1784806170 15.5
1784806171 16.0
1784806172 14.0
1784806174 14.2
1784806175 13.0
1784806176 15.2
1784806177 14.5
1784806178 13.4
1784806179 14.5
1784806180 15.1
1784806181 14.7
1784806182 14.4
1784806183 14.7
1784806184 14.9
1784806185 13.8
1784806186 14.0
1784806187 14.6
1784806188 14.2
1784806189 13.8
1784806190 16.1
1784806191 14.2
1784806192 14.2
1784806193 12.9
1784806194 15.6
1784806195 14.7
1784806196 13.5
1784806197 15.0
1784806198 16.3
1784806199 15.3
1784806200 14.6
1784806201 15.1
1784806202 16.2
1784806203 13.1
1784806204 16.4
1784806205 15.9
1784806206 14.0
1784806207 14.0
1784806208 15.2
1784806209 14.6
1784806210 14.5
1784806211 13.2
1784806212 15.5
1784806213 14.0
1784806214 13.8
1784806215 14.0
1784806216 14.4
1784806217 14.7
1784806218 13.3
1784806219 15.3
1784806220 15.9
1784806221 12.9
1784806222 14.1
1784806223 14.5
1784806224 14.7
1784806225 13.2
1784806226 15.2
1784806227 14.4
1784806228 13.3
1784806229 13.7
1784806230 16.4
1784806231 14.5
1784806232 14.5
1784806233 13.9
1784806234 14.8
1784806235 14.4
1784806236 13.2
1784806237 15.7
1784806238 14.3
1784806239 14.3
1784806240 13.6
1784806241 14.6
1784806242 14.4
1784806243 13.8
1784806244 15.4
1784806245 13.4
1784806246 14.6
1784806247 13.7
1784806248 15.2
1784806249 14.8
1784806250 14.9
1784806251 13.5
1784806252 15.7
1784806253 14.0
1784806254 14.0
1784806255 15.9
1784806256 14.1
1784806257 13.7
1784806258 13.7
1784806259 15.0
1784806260 16.8
1784806261 13.5
1784806262 15.8
1784806263 14.2
1784806264 13.7
1784806265 13.9
1784806266 15.3
1784806267 15.1
1784806268 13.6
1784806269 13.7
1784806270 17.5
1784806271 13.9
1784806272 14.2
1784806273 15.1
1784806274 14.2
1784806275 14.1
1784806276 13.4
1784806277 15.6
1784806278 13.7
1784806279 13.1
1784806280 16.6
1784806281 14.2
1784806282 13.7
1784806283 12.8
1784806284 15.1
1784806285 15.1
1784806286 13.4
1784806287 14.0
1784806288 16.6
1784806289 13.3
