1784806300 28.5
1784806301 13.5
1784806302 15.3
1784806303 13.8
1784806304 12.8
1784806305 14.1
1784806306 15.7
1784806307 13.4
1784806308 13.1
1784806309 15.0
1784806310 15.8
1784806311 12.9
1784806312 14.2
1784806313 14.3
1784806314 14.2
1784806315 14.1
1784806316 14.2
1784806317 15.5
1784806318 13.2
1784806319 13.3
1784806320 17.3
1784806321 13.2
1784806322 14.8
1784806323 13.1
1784806324 15.8
1784806325 15.0
1784806326 13.1
1784806327 15.1
1784806328 14.2
1784806329 13.1
1784806330 15.7
1784806331 14.7
1784806332 14.8
1784806333 13.4
1784806334 15.3
1784806335 14.5
1784806336 13.8
1784806337 14.0
1784806338 15.4
1784806339 13.8
1784806340 14.2
1784806341 14.0
1784806342 14.7
1784806343 13.1
1784806344 12.9
1784806346 16.0
1784806347 14.4
1784806348 13.4
1784806349 14.2
1784806350 15.0
1784806351 16.3
1784806352 12.9
1784806353 15.6
1784806354 13.4
1784806355 13.7
1784806356 14.1
1784806357 13.9
1784806358 14.6
1784806359 12.9
1784806360 16.1
1784806361 14.6
1784806362 12.8
1784806363 14.1
1784806364 13.3
1784806365 15.6
1784806366 13.2
1784806367 14.9
1784806368 14.1
1784806369 12.8
1784806370 14.2
1784806371 15.5
1784806372 13.6
1784806373 13.8
1784806374 13.7
1784806375 15.1
1784806376 14.1
1784806377 12.9
1784806378 14.5
1784806379 13.4
1784806380 14.1
1784806381 13.6
1784806382 14.7
1784806383 13.9
1784806384 13.2
1784806385 14.7
1784806386 14.4
1784806387 14.1
1784806388 13.3
1784806389 15.0
1784806390 16.3
1784806391 13.6
1784806392 13.7
1784806393 15.0
1784806394 13.1
1784806395 13.5
1784806396 14.9
1784806397 12.9
1784806398 14.3
1784806399 13.2
1784806400 16.2
1784806401 15.1
1784806402 12.8
1784806403 14.9
1784806404 13.5
1784806405 14.5
1784806406 13.7
1784806407 14.7
1784806408 14.4
1784806409 12.9
1784806410 17.1
1784806411 14.0
1784806412 13.8
1784806413 15.7
1784806414 14.5
1784806415 13.5
1784806416 14.2
1784806417 12.8
1784806418 15.4
1784806419 14.3
1784806420 14.4
1784806421 14.9
1784806422 13.6
1784806423 14.3
1784806424 12.3
1784806425 15.3
1784806426 14.5
1784806427 12.8
1784806428 13.4
1784806429 15.1
1784806430 14.8
1784806431 13.5
1784806432 14.0
1784806433 14.7
1784806434 14.2
1784806435 13.7
1784806436 14.9
1784806437 14.5
1784806438 13.8
1784806439 14.2
1784806440 16.3
1784806441 14.5
1784806442 13.8
1784806443 14.9
1784806444 14.3
1784806445 14.0
1784806446 14.5
1784806447 13.7
1784806448 14.3
1784806449 13.2
1784806450 16.5
1784806451 14.6
1784806452 13.0
1784806453 14.5
1784806454 14.1
1784806455 14.6
1784806456 15.3
1784806457 15.3
1784806458 14.7
1784806459 13.3
1784806460 14.5
1784806461 14.7
1784806462 13.4
1784806463 13.8
1784806464 13.5
1784806465 15.3
1784806466 14.1
1784806467 13.3
1784806468 15.8
1784806469 13.8
1784806470 17.0
1784806471 14.3
1784806472 14.1
1784806473 15.0
1784806474 12.8
1784806475 15.5
1784806476 13.0
1784806477 14.6
1784806478 14.4
1784806479 13.7
1784806480 15.4
1784806481 13.2
1784806482 14.3
1784806483 14.2
1784806484 13.3
1784806485 14.3
1784806486 13.6
1784806487 13.3
1784806488 14.5
1784806489 14.3
1784806490 14.8
1784806491 14.1
1784806492 13.3
1784806493 15.0
1784806494 12.5
1784806495 14.2
1784806496 13.5
1784806497 14.4
1784806498 14.1
1784806499 12.9
1784806500 15.0
1784806501 15.5
1784806502 14.7
1784806503 14.3
1784806504 14.1
1784806505 13.9
1784806506 13.3
1784806507 14.8
1784806508 14.3
1784806509 14.2
1784806510 14.5
1784806511 13.8
1784806512 14.2
1784806513 14.7
1784806514 14.1
1784806515 14.3
1784806516 12.6
1784806517 14.6
1784806518 14.3
1784806519 14.0
1784806520 15.5
1784806521 14.2
1784806522 13.8
1784806523 13.7
1784806524 13.6
1784806525 14.3
1784806526 13.4
1784806527 14.2
1784806528 14.3
1784806529 13.2
1784806530 18.8
1784806531 14.1
1784806532 14.4
1784806533 15.0
1784806534 12.5
1784806535 15.0
1784806536 13.7
1784806537 14.9
1784806538 14.2
1784806539 14.4
1784806540 14.6
1784806541 14.4
1784806542 14.5
1784806543 14.7
1784806544 14.0
1784806546 14.8
1784806547 13.3
1784806548 14.9
1784806549 14.4
1784806550 14.2
1784806551 15.0
1784806552 14.1
1784806553 14.5
1784806554 14.5
1784806555 14.2
1784806556 14.3
1784806557 13.9
1784806558 15.1
1784806559 14.3
1784806560 14.9
1784806561 14.4
1784806562 13.2
1784806563 14.4
1784806564 15.2
1784806565 14.5
1784806566 13.7
1784806567 13.3
1784806568 13.8
1784806569 13.3
1784806570 16.4
1784806571 13.5
1784806572 13.9
1784806573 13.2
1784806574 14.7
1784806575 14.2
1784806576 13.9
1784806577 13.7
1784806578 14.4
1784806579 14.2
1784806580 14.4
1784806581 13.6
1784806582 13.5
1784806583 13.9
1784806584 14.7
1784806585 13.1
1784806586 15.0
1784806587 12.5
1784806588 14.6
1784806589 15.1
1784806590 18.0
1784806591 12.9
1784806592 13.9
1784806593 14.9
1784806594 13.3
1784806595 13.3
1784806596 14.4
1784806597 13.8
1784806598 13.6
1784806599 14.2
1784806600 14.4
1784806601 13.8
1784806602 12.7
1784806603 14.3
1784806604 13.8
1784806605 13.0
1784806606 13.3
1784806607 14.3
1784806608 14.7
1784806609 13.9
1784806610 16.0
1784806611 14.1
1784806612 13.4
1784806613 13.7
1784806614 14.6
1784806615 15.5
1784806616 13.8
1784806617 12.6
1784806618 15.6
1784806619 14.5
1784806620 14.8
1784806621 14.2
1784806622 14.9
1784806623 13.2
1784806624 14.7
1784806625 14.8
1784806626 13.8
1784806627 12.6
1784806628 14.7
1784806629 15.8
1784806630 17.4
1784806631 13.1
1784806632 13.8
1784806633 15.1
1784806634 14.2
1784806635 13.5
1784806636 14.7
1784806637 13.5
1784806638 13.9
1784806639 14.7
1784806640 16.0
1784806641 12.9
1784806642 13.2
1784806643 15.0
1784806644 13.9
1784806645 13.4
1784806646 13.7
1784806647 13.2
1784806648 14.8
1784806649 13.7
1784806650 17.5
1784806651 16.3
1784806652 13.5
1784806653 13.8
1784806654 16.2
1784806655 14.9
1784806656 13.2
1784806657 13.6
1784806658 15.5
1784806659 13.5
1784806660 15.0
1784806661 14.9
1784806662 13.8
1784806663 12.9
1784806664 14.9
1784806665 15.1
1784806666 13.2
1784806667 13.2
1784806668 15.4
1784806669 15.4
1784806670 14.1
1784806671 13.5
1784806672 15.1
1784806673 12.8
1784806674 14.1
1784806675 14.8
1784806676 13.8
1784806677 12.6
1784806678 13.0
1784806679 15.5
1784806680 15.5
1784806681 12.7
1784806682 14.7
1784806683 13.6
1784806684 15.3
1784806685 13.2
1784806686 14.9
1784806687 13.1
1784806688 13.1
1784806689 13.9
1784806690 15.5
1784806691 13.3
1784806692 13.0
1784806693 14.7
1784806694 14.5
1784806695 13.7
1784806696 13.1
1784806697 15.4
1784806698 13.0
1784806699 14.1
1784806700 15.2
1784806701 14.5
1784806702 12.9
1784806703 13.2
1784806704 15.5
1784806705 13.7
1784806706 12.8
1784806707 13.0
1784806708 15.9
1784806709 14.0
1784806710 17.6
1784806711 13.8
1784806712 16.1
1784806713 12.8
1784806714 14.2
1784806715 14.8
1784806716 14.1
1784806717 12.7
1784806718 12.8
1784806719 16.8
1784806720 16.0
1784806721 15.3
1784806722 14.8
1784806723 13.4
1784806724 13.8
1784806725 13.4
1784806726 15.7
1784806727 12.6
1784806728 12.8
1784806729 14.8
1784806730 16.5
1784806731 12.6
1784806732 13.0
1784806733 14.3
1784806734 15.3
1784806735 13.3
1784806736 13.6
1784806737 16.1
1784806738 12.9
1784806739 14.2
1784806740 16.4
1784806741 13.5
1784806742 12.7
1784806743 12.8
1784806744 16.5
1784806745 12.6
1784806746 13.1
1784806748 13.6
1784806749 15.2
1784806750 14.8
1784806751 14.1
1784806752 15.2
1784806753 13.9
1784806754 13.0
1784806755 14.8
1784806756 15.6
1784806757 12.9
1784806758 12.8
1784806759 15.4
1784806760 17.1
1784806761 15.8
1784806762 12.9
1784806763 15.4
1784806764 13.9
1784806765 15.0
1784806766 14.3
1784806767 14.5
1784806768 12.9
1784806769 13.1
1784806770 19.1
1784806771 14.5
1784806772 12.8
1784806773 14.0
1784806774 14.9
1784806775 15.0
1784806776 12.6
1784806777 14.6
1784806778 13.3
1784806779 13.0
1784806780 15.8
1784806781 15.1
1784806782 12.9
1784806783 12.7
1784806784 14.4
1784806785 15.5
1784806786 12.9
1784806787 12.3
1784806788 15.7
1784806789 12.9
1784806790 16.6
1784806791 14.4
1784806792 13.3
1784806793 12.6
1784806794 12.8
1784806795 16.7
1784806796 12.6
1784806797 12.7
1784806798 13.7
1784806799 14.3
1784806800 15.9
1784806801 13.2
1784806802 15.4
1784806803 12.7
1784806804 13.1
1784806805 14.7
1784806806 16.1
1784806807 12.5
1784806808 12.8
1784806809 13.6
1784806810 18.7
1784806811 13.1
1784806812 13.1
1784806813 15.2
1784806814 13.1
1784806815 14.4
1784806816 14.0
1784806817 13.8
1784806818 13.4
1784806819 12.4
1784806820 19.6
1784806821 10.8
1784806822 13.0
1784806823 12.6
1784806824 15.7
1784806825 14.3
1784806826 12.8
1784806827 13.5
1784806828 14.9
1784806829 12.3
1784806830 18.0
1784806831 15.0
1784806832 13.2
1784806833 12.4
1784806834 13.9
1784806835 15.7
1784806836 12.6
1784806837 12.5
1784806838 14.5
1784806839 14.7
1784806840 15.8
1784806841 12.8
1784806842 15.6
1784806843 12.4
1784806844 12.9
1784806845 16.4
1784806846 16.0
1784806847 12.6
1784806848 12.8
1784806849 15.3
1784806850 16.6
1784806851 12.8
1784806852 13.9
1784806853 14.3
1784806854 13.0
1784806855 14.7
1784806856 14.0
1784806857 14.4
1784806858 13.4
1784806859 12.6
1784806860 18.5
1784806861 14.7
1784806862 13.7
1784806863 13.7
1784806864 14.6
1784806865 14.5
1784806866 14.2
1784806867 14.4
1784806868 14.6
1784806869 13.0
1784806870 16.9
1784806871 14.9
1784806872 12.9
1784806873 13.1
1784806874 14.6
1784806875 14.9
1784806876 13.6
1784806877 13.0
1784806878 15.7
1784806879 13.3
1784806880 14.7
1784806881 14.4
1784806882 13.8
1784806883 12.6
1784806884 12.9
1784806885 16.2
1784806886 12.9
1784806887 12.6
1784806888 13.8
1784806889 14.7
1784806890 17.1
1784806891 13.1
1784806892 15.1
1784806893 13.5
1784806894 13.0
1784806895 14.2
1784806896 15.0
1784806897 12.9
1784806898 12.7
1784806899 14.5
1784806900 15.3
1784806901 13.2
1784806902 12.7
1784806903 15.2
1784806904 13.1
1784806905 13.8
1784806906 14.4
1784806907 14.7
1784806908 12.7
1784806909 13.0
1784806910 18.3
1784806911 14.4
1784806912 13.2
1784806913 12.9
1784806914 15.7
1784806915 13.8
1784806916 13.9
1784806917 14.5
1784806918 14.0
1784806919 12.8
1784806920 15.2
1784806921 16.0
1784806922 12.7
1784806923 13.1
1784806924 15.1
1784806925 14.8
1784806926 13.9
1784806927 12.7
1784806928 14.7
1784806929 13.7
1784806930 15.4
1784806931 13.8
1784806932 15.6
1784806933 12.6
1784806934 13.6
1784806935 15.4
1784806936 12.4
1784806937 12.7
1784806938 13.0
1784806939 14.6
1784806940 17.0
1784806941 13.3
1784806942 13.6
1784806943 14.5
1784806944 12.6
1784806946 13.8
1784806947 15.0
1784806948 13.5
1784806949 12.9
1784806950 14.3
1784806951 16.7
1784806952 12.9
1784806953 12.7
1784806954 14.4
1784806955 14.3
1784806956 13.5
1784806957 13.5
1784806958 14.7
1784806959 14.0
1784806960 13.6
1784806961 17.2
1784806962 14.4
1784806963 13.0
1784806964 12.6
1784806965 17.2
1784806966 14.2
1784806967 14.7
1784806968 13.6
1784806969 14.1
1784806970 14.9
1784806971 14.4
1784806972 15.5
1784806973 15.9
1784806974 12.7
1784806975 14.0
1784806976 15.0
1784806977 14.5
1784806978 12.7
1784806979 14.8
1784806980 15.2
1784806981 14.0
1784806982 13.8
1784806983 14.4
1784806984 13.5
1784806985 13.6
1784806986 14.6
1784806987 14.7
1784806988 12.7
1784806989 13.0
1784806990 16.1
1784806991 15.4
1784806992 13.1
1784806993 14.0
1784806994 14.4
1784806995 14.2
1784806996 13.6
1784806997 15.2
1784806998 13.2
1784806999 13.0
1784807000 15.0
1784807001 14.8
1784807002 14.3
1784807003 12.9
1784807004 14.3
1784807005 14.6
1784807006 13.8
1784807007 14.5
1784807008 13.5
1784807009 13.6
1784807010 16.1
1784807011 15.2
1784807012 14.0
1784807013 12.6
1784807014 12.6
1784807015 15.4
1784807016 14.2
1784807017 13.6
1784807018 13.6
1784807019 14.2
1784807020 15.1
1784807021 13.5
1784807022 15.0
1784807023 13.7
1784807024 12.7
1784807025 14.5
1784807026 13.9
1784807027 14.4
1784807028 12.7
1784807029 14.4
1784807030 13.8
1784807031 13.9
1784807032 13.2
1784807033 14.8
1784807034 13.7
1784807035 13.5
1784807036 14.3
1784807037 14.6
1784807038 13.7
1784807039 13.0
1784807040 15.7
1784807041 14.6
1784807042 15.1
1784807043 13.7
1784807044 14.1
1784807045 14.3
1784807046 13.4
1784807047 15.1
1784807048 12.4
1784807049 14.0
1784807050 14.6
1784807051 14.7
1784807052 13.8
1784807053 12.8
1784807054 13.3
1784807055 14.4
1784807056 14.7
1784807057 13.4
1784807058 14.9
1784807059 13.2
1784807060 14.9
1784807061 16.4
1784807062 14.6
1784807063 14.6
1784807064 12.5
1784807065 14.8
1784807066 14.7
1784807067 13.7
1784807068 14.6
1784807069 14.0
1784807070 17.1
1784807071 14.1
1784807072 14.0
1784807073 15.2
1784807074 13.8
1784807075 13.9
1784807076 15.5
1784807077 13.6
1784807078 14.1
1784807079 14.1
1784807080 14.7
1784807081 15.1
1784807082 13.0
1784807083 14.5
1784807084 13.5
1784807085 14.3
1784807086 14.9
1784807087 14.2
1784807088 14.7
1784807089 13.6
1784807090 13.8
1784807091 14.8
1784807092 13.9
1784807093 14.5
1784807094 13.3
1784807095 14.4
1784807096 13.1
1784807097 13.9
1784807098 14.1
1784807099 13.8
1784807100 15.1
1784807101 15.9
1784807102 13.6
1784807103 12.9
1784807104 14.2
1784807105 13.9
1784807106 13.8
1784807107 14.0
1784807108 13.8
1784807109 13.0
1784807110 14.7
1784807111 14.2
1784807112 13.3
1784807113 14.7
1784807114 12.7
1784807115 14.4
1784807116 14.8
1784807117 13.9
1784807118 14.5
1784807119 13.9
1784807120 13.8
1784807121 14.4
1784807122 13.8
1784807123 14.6
1784807124 13.6
1784807125 14.5
1784807126 14.3
1784807127 13.1
1784807128 14.2
1784807129 13.7
1784807130 16.7
1784807131 14.6
1784807132 13.2
1784807133 13.9
1784807134 13.8
1784807135 14.6
1784807136 14.4
1784807137 14.0
1784807138 13.5
1784807139 15.6
1784807140 14.9
1784807141 14.5
1784807142 13.8
1784807143 14.3
1784807145 13.4
1784807146 13.5
1784807147 14.2
1784807148 13.5
1784807149 14.1
1784807150 14.6
1784807151 15.4
1784807152 13.2
1784807153 13.8
1784807154 14.0
1784807155 14.4
1784807156 13.7
1784807157 13.3
1784807158 13.8
1784807159 14.4
1784807160 14.4
1784807161 14.2
1784807162 14.4
1784807163 13.3
1784807164 13.6
1784807165 14.3
1784807166 13.7
1784807167 14.6
1784807168 14.3
1784807169 14.7
1784807170 14.3
1784807171 13.8
1784807172 14.8
1784807173 14.0
1784807174 14.7
1784807175 13.2
1784807176 14.4
1784807177 14.5
1784807178 14.0
1784807179 14.2
1784807180 14.3
1784807181 14.4
1784807182 13.9
1784807183 14.0
1784807184 14.7
1784807185 14.0
1784807186 14.0
1784807187 13.5
1784807188 14.5
1784807189 13.1
1784807190 17.8
1784807191 12.8
1784807192 15.5
1784807193 13.5
1784807194 14.0
1784807195 14.8
1784807196 13.6
1784807197 13.9
1784807198 13.6
1784807199 14.1
1784807200 14.8
1784807201 13.0
1784807202 15.5
1784807203 12.5
1784807204 14.3
1784807205 13.7
1784807206 13.6
1784807207 13.1
1784807208 14.0
1784807209 14.6
1784807210 15.3
1784807211 13.9
1784807212 13.9
1784807213 14.4
1784807214 13.6
1784807215 13.9
1784807216 13.8
1784807217 14.0
1784807218 14.0
1784807219 14.9
1784807220 15.1
1784807221 11.6
1784807222 14.9
1784807223 13.6
1784807224 14.7
1784807225 13.1
1784807226 13.9
1784807227 14.6
1784807228 13.7
1784807229 13.2
1784807230 16.3
1784807231 14.6
1784807232 13.4
1784807233 13.2
1784807234 14.7
1784807235 14.0
1784807236 13.2
1784807237 14.7
1784807238 14.7
1784807239 13.0
1784807240 14.6
1784807241 13.0
1784807242 14.8
1784807243 12.7
1784807244 14.3
1784807245 13.8
1784807246 13.8
1784807247 13.1
1784807248 13.9
1784807249 15.4
1784807250 14.3
1784807251 13.6
1784807252 14.8
1784807253 13.4
1784807254 13.2
1784807255 14.1
1784807256 14.9
1784807257 13.0
1784807258 13.8
1784807259 14.2
1784807260 14.1
1784807261 12.9
1784807262 14.6
1784807263 13.4
1784807264 14.5
1784807265 13.6
1784807266 14.1
1784807267 14.8
1784807268 12.8
1784807269 13.7
1784807270 15.9
1784807271 13.6
1784807272 13.5
1784807273 13.5
1784807274 13.7
1784807275 15.2
1784807276 13.8
1784807277 15.5
1784807278 16.5
1784807279 12.7
1784807280 15.1
1784807281 13.7
1784807282 15.2
1784807283 13.1
1784807284 14.9
1784807285 15.6
1784807286 13.0
1784807287 14.6
1784807288 14.4
1784807289 14.0
1784807290 14.8
1784807291 14.3
1784807292 15.2
1784807293 13.4
1784807294 13.4
1784807295 14.5
1784807296 14.6
1784807297 14.0
1784807298 14.0
1784807299 14.7
1784807300 15.9
1784807301 16.0
1784807302 14.9
1784807303 13.8
1784807304 12.5
1784807305 14.7
1784807306 14.1
1784807307 13.9
1784807308 13.5
1784807309 13.9
1784807310 14.8
1784807311 12.9
1784807312 14.1
1784807313 13.7
1784807314 13.3
1784807315 14.2
1784807316 14.1
1784807317 15.7
1784807318 12.7
1784807319 13.7
1784807320 15.7
1784807321 14.0
1784807322 13.3
1784807323 13.9
1784807324 14.1
1784807325 13.8
1784807326 12.8
1784807327 15.5
1784807328 13.2
1784807329 13.5
1784807330 15.3
1784807331 13.7
1784807332 14.1
1784807333 13.0
1784807334 13.4
1784807335 15.9
1784807336 12.9
1784807337 14.6
1784807338 13.2
1784807339 13.9
1784807340 14.2
1784807341 14.1
1784807342 14.3
1784807344 13.2
1784807345 12.9
1784807346 15.9
1784807347 13.3
1784807348 13.8
1784807349 13.5
1784807350 15.4
1784807351 13.7
1784807352 12.8
1784807353 14.0
1784807354 14.8
1784807355 13.1
1784807356 14.4
1784807357 13.4
1784807358 14.6
1784807359 12.7
1784807360 15.0
1784807361 15.6
1784807362 13.2
1784807363 13.5
1784807364 14.8
1784807365 13.6
1784807366 14.0
1784807367 13.7
1784807368 15.6
1784807369 12.5
1784807370 15.3
1784807371 13.9
1784807372 15.2
1784807373 13.3
1784807374 12.9
1784807375 14.9
1784807376 15.1
1784807377 12.6
1784807378 14.7
1784807379 14.6
1784807380 14.2
1784807381 13.7
1784807382 14.6
1784807383 13.8
1784807384 13.4
1784807385 13.8
1784807386 15.7
1784807387 12.6
1784807388 13.6
1784807389 14.2
1784807390 16.4
1784807391 14.0
1784807392 13.5
1784807393 15.5
1784807394 14.2
1784807395 13.5
1784807396 14.6
1784807397 14.7
1784807398 13.9
1784807399 12.9
1784807400 15.6
1784807401 13.4
1784807402 13.0
1784807403 14.7
1784807404 14.4
1784807405 13.5
1784807406 13.9
1784807407 13.9
1784807408 13.8
1784807409 12.7
1784807410 15.7
1784807411 16.0
1784807412 12.7
1784807413 13.9
1784807414 14.8
1784807415 13.9
1784807416 13.4
1784807417 13.4
1784807418 15.4
1784807419 12.7
1784807420 14.2
1784807421 14.7
1784807422 13.8
1784807423 14.3
1784807424 13.2
1784807425 14.7
1784807426 14.5
1784807427 12.7
1784807428 15.6
1784807429 13.6
1784807430 15.3
1784807431 13.7
1784807432 15.1
1784807433 13.9
1784807434 13.0
1784807435 13.2
1784807436 17.0
1784807437 13.0
1784807438 13.8
1784807439 14.7
1784807440 15.2
1784807441 13.4
1784807442 13.0
1784807443 15.1
1784807444 14.3
1784807445 13.2
1784807446 13.3
1784807447 15.2
1784807448 13.5
1784807449 12.5
1784807450 16.0
1784807451 14.2
1784807452 13.0
1784807453 13.1
1784807454 14.8
1784807455 14.2
1784807456 13.5
1784807457 14.3
1784807458 14.7
1784807459 12.7
1784807460 14.7
1784807461 14.3
1784807462 14.1
1784807463 13.1
1784807464 14.1
1784807465 14.8
1784807466 13.1
1784807467 13.3
1784807468 15.2
1784807469 13.2
1784807470 13.6
1784807471 13.1
1784807472 15.1
1784807473 16.0
1784807474 12.8
1784807475 15.8
1784807476 13.8
1784807477 13.4
1784807478 13.5
1784807479 14.3
1784807480 14.7
1784807481 13.0
1784807482 14.3
1784807483 15.2
1784807484 12.9
1784807485 13.8
1784807486 15.2
1784807487 14.3
1784807488 13.4
1784807489 13.6
1784807490 15.4
1784807491 14.2
1784807492 14.0
1784807493 15.4
1784807494 16.7
1784807495 13.4
1784807496 12.9
1784807497 15.0
1784807498 14.2
1784807499 13.1
1784807500 16.1
1784807501 15.5
1784807502 13.7
1784807503 13.5
1784807504 14.8
1784807505 14.3
1784807506 13.3
1784807507 14.5
1784807508 15.2
1784807509 13.3
1784807510 14.8
1784807511 14.6
1784807512 14.4
1784807513 13.1
1784807514 14.0
1784807515 14.6
1784807516 13.0
1784807517 13.8
1784807518 14.8
1784807519 13.6
1784807520 14.1
1784807521 13.7
1784807522 14.7
1784807523 14.7
1784807524 13.7
1784807525 14.1
1784807526 15.0
1784807527 13.5
1784807528 14.7
1784807529 14.1
1784807530 14.2
1784807531 13.0
1784807532 14.7
1784807533 14.2
1784807534 13.7
1784807535 13.6
1784807536 14.7
1784807537 14.5
1784807538 13.6
1784807539 13.5
1784807540 16.0
1784807542 13.4
1784807543 13.8
1784807544 14.2
1784807545 14.5
1784807546 12.3
1784807547 14.3
1784807548 14.3
1784807549 14.4
1784807550 14.0
1784807551 13.9
1784807552 13.6
1784807553 13.8
1784807554 13.9
1784807555 13.9
1784807556 13.7
1784807557 12.9
1784807558 14.4
1784807559 14.6
1784807560 13.8
1784807561 14.3
1784807562 13.2
1784807563 14.3
1784807564 14.2
1784807565 14.2
1784807566 13.7
1784807567 13.4
1784807568 13.3
1784807569 14.4
1784807570 14.0
1784807571 11.9
1784807572 13.4
1784807573 13.6
1784807574 14.1
1784807575 13.9
1784807576 13.5
1784807577 13.9
1784807578 14.3
1784807579 13.6
1784807580 14.7
1784807581 13.8
1784807582 14.2
1784807583 14.8
1784807584 14.5
1784807585 13.0
1784807586 14.1
1784807587 13.8
1784807588 14.3
1784807589 15.0
1784807590 15.8
1784807591 13.0
1784807592 13.4
1784807593 14.5
1784807594 14.1
1784807595 14.3
1784807596 13.6
1784807597 12.8
1784807598 14.7
1784807599 14.7
1784807600 15.4
1784807601 14.6
1784807602 13.3
1784807603 13.8
1784807604 14.3
1784807605 14.9
1784807606 13.9
1784807607 14.7
1784807608 14.2
1784807609 13.5
1784807610 15.7
1784807611 13.9
1784807612 14.1
1784807613 14.5
1784807614 13.7
1784807615 14.9
1784807616 13.4
1784807617 13.7
1784807618 14.1
1784807619 14.4
1784807620 14.8
1784807621 13.3
1784807622 13.6
1784807623 13.9
1784807624 14.6
1784807625 14.1
1784807626 13.4
1784807627 13.7
1784807628 13.1
1784807629 15.1
1784807630 13.9
1784807631 13.8
1784807632 13.5
1784807633 14.6
1784807634 14.1
1784807635 13.9
1784807636 13.7
1784807637 14.3
1784807638 14.7
1784807639 14.5
1784807640 14.0
1784807641 12.9
1784807642 13.9
1784807643 14.3
1784807644 14.9
1784807645 14.3
1784807646 12.6
1784807647 14.6
1784807648 13.1
1784807649 14.8
1784807650 14.5
1784807651 14.4
1784807652 12.6
1784807653 14.1
1784807654 14.5
1784807655 14.5
1784807656 13.5
1784807657 12.7
1784807658 14.5
1784807659 14.2
1784807660 14.2
1784807661 14.3
1784807662 13.1
1784807663 13.8
1784807664 13.5
1784807665 15.5
1784807666 12.7
1784807667 14.4
1784807668 13.6
1784807669 14.9
1784807670 15.4
1784807671 14.1
1784807672 13.8
1784807673 13.8
1784807674 14.7
1784807675 13.2
1784807676 14.6
1784807677 12.6
1784807678 13.8
1784807679 15.6
1784807680 12.9
1784807681 14.0
1784807682 12.5
1784807683 14.7
1784807684 14.1
1784807685 14.5
1784807686 13.6
1784807687 13.3
1784807688 12.7
1784807689 15.6
1784807690 12.3
1784807691 13.9
1784807692 13.5
1784807693 13.0
1784807694 15.6
1784807695 13.3
1784807696 13.5
1784807697 14.2
1784807698 13.6
1784807699 14.5
1784807700 13.2
1784807701 14.4
1784807702 12.6
1784807703 13.7
1784807704 13.7
1784807705 15.5
1784807706 13.2
1784807707 13.7
1784807708 13.7
1784807709 15.5
1784807710 17.6
1784807711 13.2
1784807712 14.4
1784807713 13.2
1784807714 14.8
1784807715 14.4
1784807716 13.3
1784807717 13.7
1784807718 12.5
1784807719 15.2
1784807720 12.6
1784807721 14.1
1784807722 13.8
1784807723 14.2
1784807724 15.2
1784807725 13.5
1784807726 14.6
1784807727 14.6
1784807728 14.3
1784807729 15.0
1784807730 15.5
1784807731 14.0
1784807732 13.3
1784807733 14.8
1784807734 14.1
1784807735 14.2
1784807736 13.6
1784807737 14.7
1784807738 12.8
1784807739 15.5
1784807740 14.7
1784807741 14.1
1784807743 13.6
1784807744 12.7
1784807745 16.3
1784807746 13.1
1784807747 13.4
1784807748 13.9
1784807749 13.3
1784807750 15.8
1784807751 12.1
1784807752 15.0
1784807753 12.6
1784807754 14.1
1784807755 15.0
1784807756 13.9
1784807757 12.4
1784807758 14.0
1784807759 13.4
1784807760 15.6
1784807761 15.1
1784807762 13.3
1784807763 14.9
1784807764 12.9
1784807765 15.8
1784807766 13.7
1784807767 13.6
1784807768 13.9
1784807769 12.6
1784807770 16.0
1784807771 11.7
1784807772 14.2
1784807773 13.5
1784807774 13.9
1784807775 14.1
1784807776 13.9
1784807777 14.4
1784807778 12.9
1784807779 13.4
1784807780 15.2
1784807781 14.2
1784807782 12.8
1784807783 13.5
1784807784 14.7
1784807785 14.5
1784807786 13.0
1784807787 13.6
1784807788 14.6
1784807789 12.9
1784807790 18.3
1784807791 12.0
1784807792 14.1
1784807793 13.2
1784807794 13.8
1784807795 16.1
1784807796 13.6
1784807797 13.5
1784807798 12.7
1784807799 14.8
1784807800 15.5
1784807801 12.1
1784807802 14.8
1784807803 12.9
1784807804 12.7
1784807805 15.5
1784807806 14.7
1784807807 12.6
1784807808 13.9
1784807809 14.3
1784807810 16.3
1784807811 13.2
1784807812 13.6
1784807813 15.6
1784807814 12.8
1784807815 15.5
1784807816 14.0
1784807817 14.9
1784807818 13.2
1784807819 14.2
1784807820 17.3
1784807821 12.3
1784807822 13.3
1784807823 14.1
1784807824 14.2
1784807825 14.7
1784807826 13.9
1784807827 15.1
1784807828 12.8
1784807829 13.9
1784807830 16.0
1784807831 13.6
1784807832 12.6
1784807833 13.6
1784807834 14.6
1784807835 14.4
1784807836 12.4
1784807837 14.1
1784807838 14.5
1784807839 14.2
1784807840 15.8
1784807841 14.7
1784807842 12.6
1784807843 13.0
1784807844 13.5
1784807845 15.8
1784807846 13.2
1784807847 13.2
1784807848 14.5
1784807849 12.6
1784807850 15.5
1784807851 14.2
1784807852 14.5
1784807853 12.6
1784807854 13.0
1784807855 15.0
1784807856 15.8
1784807857 12.8
1784807858 13.7
1784807859 15.0
1784807860 14.7
1784807861 13.5
1784807862 13.7
1784807863 14.8
1784807864 12.5
1784807865 14.7
1784807866 14.8
1784807867 12.7
1784807868 12.6
1784807869 13.9
1784807870 18.2
1784807871 13.3
1784807872 12.9
1784807873 14.0
1784807874 14.8
1784807875 14.4
1784807876 14.0
1784807877 14.9
1784807878 12.7
1784807879 13.1
1784807880 15.4
1784807881 18.2
1784807882 13.1
1784807883 14.0
1784807884 14.0
1784807885 16.6
1784807886 13.8
1784807887 13.8
1784807888 14.1
1784807889 13.0
1784807890 14.8
1784807891 15.9
1784807892 13.2
1784807893 13.1
1784807894 13.6
1784807895 15.7
1784807896 13.1
1784807897 12.7
1784807898 13.5
1784807899 15.0
1784807900 14.2
1784807901 13.6
1784807902 14.3
1784807903 13.9
1784807904 13.1
1784807905 14.9
1784807906 14.7
1784807907 13.2
1784807908 13.1
1784807909 14.7
1784807910 15.8
1784807911 13.9
1784807912 13.2
1784807913 15.3
1784807914 13.2
1784807915 14.2
1784807916 14.4
1784807917 15.1
1784807918 13.2
1784807919 13.6
1784807920 17.4
1784807921 12.5
1784807922 13.0
1784807923 13.7
1784807924 15.2
1784807925 15.9
1784807926 13.2
1784807927 14.5
1784807928 14.0
1784807929 14.0
1784807930 14.9
1784807931 15.5
1784807932 12.5
1784807933 13.0
1784807934 14.1
1784807935 15.5
1784807936 13.1
1784807937 12.9
1784807938 15.2
1784807939 12.9
1784807941 14.6
1784807942 15.2
1784807943 13.6
1784807944 12.7
1784807945 13.4
1784807946 15.3
1784807947 14.4
1784807948 12.8
1784807949 13.5
1784807950 15.7
1784807951 14.6
1784807952 13.5
1784807953 14.5
1784807954 13.9
1784807955 13.1
1784807956 13.9
1784807957 15.8
1784807958 13.1
1784807959 12.5
1784807960 15.5
1784807961 14.7
1784807962 13.7
1784807963 12.8
1784807964 14.9
1784807965 14.2
1784807966 14.0
1784807967 14.1
1784807968 15.0
1784807969 12.9
1784807970 15.3
1784807971 15.4
1784807972 14.5
1784807973 12.7
1784807974 12.7
1784807975 15.6
1784807976 14.7
1784807977 13.2
1784807978 14.6
1784807979 13.5
1784807980 14.3
1784807981 15.3
1784807982 15.8
1784807983 14.0
1784807984 12.7
1784807985 13.7
1784807986 15.7
1784807987 13.5
1784807988 12.9
1784807989 14.8
1784807990 15.7
1784807991 13.2
1784807992 13.6
1784807993 15.5
1784807994 12.8
1784807995 12.9
1784807996 15.5
1784807997 14.6
1784807998 13.1
1784807999 13.5
1784808000 15.9
1784808001 13.7
1784808002 13.9
1784808003 12.4
1784808004 15.8
1784808005 13.4
1784808006 13.8
1784808007 15.1
1784808008 13.2
1784808009 12.4
1784808010 15.2
1784808011 14.9
1784808012 14.6
1784808013 12.6
1784808014 14.0
1784808015 15.1
1784808016 13.7
1784808017 13.5
1784808018 15.3
1784808019 13.6
1784808020 14.3
1784808021 13.7
1784808022 15.9
1784808023 12.6
1784808024 13.5
1784808025 15.2
1784808026 13.9
1784808027 13.8
1784808028 13.6
1784808029 15.2
1784808030 18.0
1784808031 13.3
1784808032 15.7
1784808033 14.2
1784808034 13.2
1784808035 13.0
1784808036 16.1
1784808037 14.0
1784808038 14.3
1784808039 14.4
1784808040 16.5
1784808041 13.2
1784808042 13.7
1784808043 15.0
1784808044 13.2
1784808045 13.1
1784808046 14.7
1784808047 15.1
1784808048 12.6
1784808049 13.1
1784808050 14.7
1784808051 14.2
1784808052 13.2
1784808053 13.0
1784808054 15.7
1784808055 13.5
1784808056 13.8
1784808057 14.3
1784808058 14.2
1784808059 12.7
1784808060 15.1
1784808061 15.5
1784808062 12.7
1784808063 13.4
1784808064 13.4
1784808065 15.2
1784808066 13.7
1784808067 12.9
1784808068 15.2
1784808069 13.5
1784808070 14.0
1784808071 14.3
1784808072 14.0
1784808073 12.8
1784808074 12.8
1784808075 15.0
1784808076 12.8
1784808077 12.7
1784808078 13.4
1784808079 14.9
1784808080 14.0
1784808081 14.1
1784808082 14.0
1784808083 15.7
1784808084 13.2
1784808085 13.1
1784808086 15.6
1784808087 13.6
1784808088 13.3
1784808089 12.6
1784808090 18.4
1784808091 14.6
1784808092 13.3
1784808093 19.7
1784808094 18.9
1784808095 10.8
1784808096 10.2
1784808097 18.7
1784808098 10.5
1784808099 12.9
