1784802680 28.6
1784802681 15.0
1784802682 13.1
1784802683 12.5
1784802684 14.5
1784802685 14.9
1784802686 14.0
1784802687 12.7
1784802688 15.9
1784802689 13.3
1784802690 15.4
1784802691 14.4
1784802692 15.7
1784802693 12.4
1784802694 13.9
1784802695 14.8
1784802696 14.9
1784802697 13.0
1784802698 13.4
1784802699 16.5
1784802700 14.6
1784802701 14.9
1784802702 14.4
1784802703 14.5
1784802704 13.8
1784802705 13.2
1784802706 16.3
1784802707 13.0
1784802708 13.5
1784802709 14.4
1784802710 16.2
1784802711 13.8
1784802712 13.2
1784802713 14.6
1784802714 14.6
1784802715 14.8
1784802716 14.9
1784802717 14.5
1784802718 12.8
1784802719 13.3
1784802720 15.6
1784802721 14.3
1784802722 13.2
1784802723 13.1
1784802724 15.8
1784802725 12.9
1784802726 13.4
1784802727 14.6
1784802728 13.9
1784802729 13.4
1784802730 14.6
1784802731 15.6
1784802732 13.9
1784802733 12.9
1784802734 15.1
1784802735 14.1
1784802736 13.3
1784802737 12.4
1784802738 14.8
1784802739 14.4
1784802740 13.8
1784802741 14.6
1784802742 15.1
1784802743 12.3
1784802744 13.3
1784802745 14.6
1784802746 17.2
1784802747 12.5
1784802748 13.0
1784802749 15.3
1784802750 16.8
1784802751 13.6
1784802752 14.8
1784802753 13.7
1784802754 13.5
1784802755 13.3
1784802756 15.7
1784802757 13.8
1784802758 13.1
1784802759 14.2
1784802760 16.2
1784802761 14.3
1784802762 13.1
1784802763 14.8
1784802764 14.8
1784802765 13.1
1784802766 14.0
1784802767 14.7
1784802768 14.0
1784802769 13.6
1784802770 16.1
1784802771 14.4
1784802772 12.9
1784802773 13.1
1784802774 15.5
1784802775 13.9
1784802776 13.6
1784802777 13.4
1784802778 14.0
1784802779 14.7
1784802780 14.6
1784802781 15.1
1784802782 14.3
1784802783 12.8
1784802784 14.5
1784802785 13.8
1784802786 14.7
1784802787 12.8
1784802788 15.0
1784802789 14.4
1784802790 13.4
1784802791 13.5
1784802792 15.1
1784802793 13.5
1784802794 13.4
1784802795 14.1
1784802796 16.0
1784802797 12.7
1784802798 13.2
1784802799 15.6
1784802800 14.9
1784802801 13.9
1784802802 14.2
1784802803 14.0
1784802804 13.8
1784802805 13.7
1784802806 15.2
1784802807 14.8
1784802808 13.5
1784802809 14.2
1784802810 17.2
1784802811 14.6
1784802812 13.3
1784802813 14.0
1784802814 14.1
1784802815 14.7
1784802816 14.1
1784802817 14.5
1784802818 14.1
1784802820 13.5
1784802821 14.3
1784802822 15.0
1784802823 13.3
1784802824 13.1
1784802825 14.8
1784802826 14.3
1784802827 13.8
1784802828 15.0
1784802829 14.2
1784802830 16.6
1784802831 13.5
1784802832 15.0
1784802833 13.6
1784802834 12.7
1784802835 14.6
1784802836 14.2
1784802837 15.0
1784802838 12.9
1784802839 14.0
1784802840 16.0
1784802841 12.9
1784802842 15.1
1784802843 14.2
1784802844 13.9
1784802845 13.5
1784802846 14.1
1784802847 14.5
1784802848 13.6
1784802849 13.1
1784802850 15.2
1784802851 16.5
1784802852 13.5
1784802853 14.1
1784802854 13.7
1784802855 14.2
1784802856 13.4
1784802857 14.7
1784802858 14.8
1784802859 12.5
1784802860 15.6
1784802861 13.7
1784802862 14.4
1784802863 12.8
1784802864 14.0
1784802865 14.4
1784802866 14.2
1784802867 15.4
1784802868 14.4
1784802869 13.7
1784802870 14.7
1784802871 14.7
1784802872 15.1
1784802873 14.2
1784802874 12.6
1784802875 14.3
1784802876 15.0
1784802877 14.1
1784802878 13.7
1784802879 13.9
1784802880 13.9
1784802881 13.5
1784802882 14.5
1784802883 14.5
1784802884 12.9
1784802885 14.3
1784802886 13.4
1784802887 15.5
1784802888 12.8
1784802889 14.2
1784802890 14.9
1784802891 13.8
1784802892 13.4
1784802893 13.9
1784802894 14.4
1784802895 13.3
1784802896 14.3
1784802897 14.9
1784802898 14.0
1784802899 13.2
1784802900 15.2
1784802901 15.3
1784802902 14.9
1784802903 14.4
1784802904 13.9
1784802905 16.0
1784802906 16.6
1784802907 14.4
1784802908 13.9
1784802909 14.1
1784802910 14.5
1784802911 16.1
1784802912 15.2
1784802913 13.7
1784802914 13.9
1784802915 14.5
1784802916 14.5
1784802917 14.2
1784802918 13.7
1784802919 14.7
1784802920 14.9
1784802921 14.7
1784802922 14.6
1784802923 14.1
1784802924 12.6
1784802925 14.7
1784802926 14.1
1784802927 13.8
1784802928 13.4
1784802929 13.7
1784802930 16.9
1784802931 13.5
1784802932 13.9
1784802933 13.5
1784802934 13.7
1784802935 13.2
1784802936 14.1
1784802937 15.6
1784802938 13.2
1784802939 14.2
1784802940 14.7
1784802941 14.0
1784802942 13.2
1784802943 13.6
1784802944 14.6
1784802945 13.1
1784802946 13.9
1784802947 13.5
1784802948 14.2
1784802949 13.1
1784802950 15.3
1784802951 14.6
1784802952 14.1
1784802953 12.7
1784802954 13.4
1784802955 15.3
1784802956 13.5
1784802957 14.9
1784802958 13.6
1784802959 13.6
1784802960 13.6
1784802961 14.6
1784802962 17.4
1784802963 13.1
1784802964 13.7
1784802965 13.1
1784802966 15.4
1784802967 13.8
1784802968 13.6
1784802969 14.0
1784802970 16.4
1784802971 13.7
1784802972 14.3
1784802973 14.7
1784802974 13.3
1784802975 14.2
1784802976 14.4
1784802977 14.6
1784802978 12.6
1784802979 14.0
1784802980 15.1
1784802981 13.5
1784802982 15.0
1784802983 13.2
1784802984 14.5
1784802985 14.1
1784802986 13.0
1784802987 15.0
1784802988 13.8
1784802989 13.9
1784802990 17.4
1784802991 14.2
1784802992 14.9
1784802993 13.9
1784802994 13.7
1784802995 15.1
1784802996 12.9
1784802997 15.3
1784802998 13.8
1784802999 14.7
1784803000 14.1
1784803001 13.2
1784803002 16.1
1784803003 13.1
1784803004 14.1
1784803005 14.4
1784803006 13.8
1784803007 15.3
1784803008 10.7
1784803009 15.4
1784803010 14.5
1784803011 14.7
1784803012 13.9
1784803013 14.4
1784803014 13.3
1784803015 14.8
1784803016 14.0
1784803018 15.4
1784803019 14.1
1784803020 15.3
1784803021 14.1
1784803022 13.5
1784803023 15.1
1784803024 14.0
1784803025 13.6
1784803026 13.4
1784803027 13.9
1784803028 15.6
1784803029 12.8
1784803030 14.9
1784803031 15.0
1784803032 13.8
1784803033 13.8
1784803034 13.8
1784803035 14.3
1784803036 13.1
1784803037 13.7
1784803038 15.4
1784803039 13.3
1784803040 14.2
1784803041 13.8
1784803042 14.6
1784803043 11.7
1784803044 14.0
1784803045 13.5
1784803046 15.2
1784803047 13.1
1784803048 15.1
1784803049 14.1
1784803050 15.5
1784803051 13.7
1784803052 13.0
1784803053 15.5
1784803054 13.0
1784803055 14.6
1784803056 14.0
1784803057 13.1
1784803058 14.5
1784803059 13.8
1784803060 15.7
1784803061 13.9
1784803062 14.2
1784803063 14.2
1784803064 15.4
1784803065 13.4
1784803066 13.9
1784803067 13.6
1784803068 14.9
1784803069 14.0
1784803070 15.3
1784803071 14.6
1784803072 13.5
1784803073 14.5
1784803074 14.1
1784803075 14.3
1784803076 12.9
1784803077 14.1
1784803078 14.6
1784803079 13.8
1784803080 14.7
1784803081 12.8
1784803082 15.5
1784803083 14.4
1784803084 14.3
1784803085 14.2
1784803086 13.2
1784803087 13.9
1784803088 14.4
1784803089 13.9
1784803090 12.2
1784803091 13.5
1784803092 13.3
1784803093 16.2
1784803094 12.8
1784803095 14.2
1784803096 14.0
1784803097 13.6
1784803098 15.2
1784803099 12.8
1784803100 15.5
1784803101 12.6
1784803102 13.9
1784803103 15.2
1784803104 13.5
1784803105 14.1
1784803106 13.0
1784803107 14.2
1784803108 14.1
1784803109 13.6
1784803110 16.7
1784803111 14.6
1784803112 13.9
1784803113 13.6
1784803114 13.9
1784803115 14.1
1784803116 14.9
1784803117 12.9
1784803118 15.9
1784803119 13.3
1784803120 15.1
1784803121 15.7
1784803122 14.4
1784803123 15.2
1784803124 13.4
1784803125 15.1
1784803126 13.2
1784803127 13.2
1784803128 14.4
1784803129 14.2
1784803130 15.1
1784803131 12.6
1784803132 15.8
1784803133 13.6
1784803134 14.1
1784803135 13.2
1784803136 15.0
1784803137 13.8
1784803138 14.3
1784803139 14.5
1784803140 14.8
1784803141 13.7
1784803142 13.3
1784803143 15.7
1784803144 14.1
1784803145 13.0
1784803146 14.6
1784803147 13.1
1784803148 15.2
1784803149 13.2
1784803150 15.9
1784803151 12.9
1784803152 14.0
1784803153 14.1
1784803154 16.0
1784803155 13.8
1784803156 13.1
1784803157 14.4
1784803158 14.7
1784803159 15.6
1784803160 14.6
1784803161 15.1
1784803162 14.1
1784803163 13.8
1784803164 12.6
1784803165 15.4
1784803166 13.8
1784803167 12.6
1784803168 16.1
1784803169 12.9
1784803170 16.3
1784803171 13.4
1784803172 14.8
1784803173 14.8
1784803174 13.0
1784803175 14.8
1784803176 12.9
1784803177 13.5
1784803178 16.6
1784803179 14.6
1784803180 14.8
1784803181 12.7
1784803182 13.2
1784803183 15.8
1784803184 14.0
1784803185 13.2
1784803186 14.6
1784803187 13.6
1784803188 13.6
1784803189 14.0
1784803190 15.1
1784803191 13.9
1784803192 12.5
1784803193 15.2
1784803194 14.1
1784803195 14.3
1784803196 12.8
1784803197 15.9
1784803198 14.3
1784803199 14.7
1784803200 13.1
1784803201 14.8
1784803202 13.5
1784803203 14.1
1784803204 15.2
1784803205 14.5
1784803206 12.7
1784803207 13.2
1784803208 15.5
1784803209 15.9
1784803210 13.4
1784803211 13.7
1784803212 14.8
1784803213 14.8
1784803214 13.0
1784803215 15.4
1784803216 13.8
1784803218 12.9
1784803219 13.4
1784803220 16.5
1784803221 13.9
1784803222 13.4
1784803223 13.8
1784803224 15.9
1784803225 14.1
1784803226 13.4
1784803227 15.1
1784803228 13.8
1784803229 13.3
1784803230 16.8
1784803231 14.2
1784803232 14.0
1784803233 12.6
1784803234 15.3
1784803235 14.5
1784803236 13.0
1784803237 13.0
1784803238 15.5
1784803239 14.8
1784803240 15.2
1784803241 14.6
1784803242 14.1
1784803243 12.4
1784803244 13.7
1784803245 15.7
1784803246 13.9
1784803247 12.4
1784803248 14.8
1784803249 15.4
1784803250 14.1
1784803251 12.8
1784803252 14.8
1784803253 13.6
1784803254 14.1
1784803255 14.8
1784803256 14.5
1784803257 12.6
1784803258 12.7
1784803259 15.3
1784803260 15.3
1784803261 12.8
1784803262 13.1
1784803263 14.2
1784803264 14.5
1784803265 13.9
1784803266 15.0
1784803267 13.6
1784803268 12.8
1784803269 13.0
1784803270 15.1
1784803271 13.6
1784803272 12.8
1784803273 12.7
1784803274 16.7
1784803275 13.6
1784803276 12.8
1784803277 14.4
1784803278 14.1
1784803279 13.6
1784803280 14.3
1784803281 14.2
1784803282 13.2
1784803283 12.9
1784803284 14.2
1784803285 15.8
1784803286 13.2
1784803287 12.9
1784803288 15.2
1784803289 14.4
1784803290 16.7
1784803291 13.0
1784803292 15.6
1784803293 12.5
1784803294 13.5
1784803295 15.4
1784803296 13.9
1784803297 12.6
1784803298 13.3
1784803299 15.1
1784803300 15.5
1784803301 12.7
1784803302 14.0
1784803303 14.5
1784803304 13.5
1784803305 13.9
1784803306 15.3
1784803307 13.5
1784803308 13.1
1784803309 13.6
1784803310 16.6
1784803311 14.1
1784803312 13.0
1784803313 14.4
1784803314 14.9
1784803315 13.6
1784803316 13.8
1784803317 14.7
1784803318 14.0
1784803319 13.4
1784803320 15.6
1784803321 15.1
1784803322 13.2
1784803323 14.1
1784803324 16.0
1784803325 14.7
1784803326 13.2
1784803327 13.2
1784803328 15.6
1784803329 13.6
1784803330 15.0
1784803331 14.4
1784803332 15.2
1784803333 12.7
1784803334 13.7
1784803335 16.4
1784803336 13.6
1784803337 12.7
1784803338 14.1
1784803339 15.2
1784803340 14.3
1784803341 12.8
1784803342 15.7
1784803343 13.3
1784803344 13.7
1784803345 14.9
1784803346 14.1
1784803347 12.6
1784803348 13.6
1784803349 16.2
1784803350 16.4
1784803351 13.0
1784803352 14.1
1784803353 14.4
1784803354 13.5
1784803355 13.7
1784803356 14.7
1784803357 13.8
1784803358 13.0
1784803359 14.2
1784803360 16.9
1784803361 13.0
1784803362 13.4
1784803363 13.4
1784803364 15.5
1784803365 13.8
1784803366 12.9
1784803367 15.6
1784803368 13.2
1784803369 13.5
1784803370 15.5
1784803371 13.8
1784803372 13.6
1784803373 14.0
1784803374 19.7
1784803375 17.9
1784803376 12.7
1784803377 11.6
1784803378 14.6
1784803379 13.1
1784803380 15.3
1784803381 14.3
1784803382 15.5
1784803383 13.5
1784803384 15.6
1784803385 15.9
1784803386 13.8
1784803387 15.5
1784803388 16.0
1784803389 14.6
1784803390 14.2
1784803391 14.3
1784803392 13.9
1784803393 14.5
1784803394 16.2
1784803395 15.9
1784803396 11.8
1784803397 11.6
1784803398 13.2
1784803399 14.7
1784803400 13.2
1784803401 13.5
1784803402 13.0
1784803403 14.4
1784803404 13.3
1784803405 12.9
1784803406 13.9
1784803407 15.0
1784803408 13.9
1784803409 15.6
1784803410 14.7
1784803411 15.6
1784803412 13.2
1784803413 14.3
1784803414 15.1
1784803415 14.8
1784803417 13.7
1784803418 16.0
1784803419 13.9
1784803420 17.3
1784803421 11.7
1784803422 14.2
1784803423 14.2
1784803424 13.2
1784803425 15.4
1784803426 14.2
1784803427 14.7
1784803428 13.1
1784803429 14.0
1784803430 18.0
1784803431 15.2
1784803432 12.9
1784803433 14.7
1784803434 15.2
1784803435 15.7
1784803436 13.7
1784803437 14.6
1784803438 16.5
1784803439 14.8
1784803440 15.9
1784803441 12.4
1784803442 14.1
1784803443 14.5
1784803444 14.1
1784803445 15.4
1784803446 13.4
1784803447 16.0
1784803448 14.6
1784803449 13.4
1784803450 15.8
1784803451 14.2
1784803452 14.5
1784803453 12.9
1784803454 14.5
1784803455 15.4
1784803456 12.6
1784803457 14.8
1784803458 14.0
1784803459 13.7
1784803460 15.1
1784803461 13.8
1784803462 15.5
1784803463 13.1
1784803464 12.7
1784803465 16.2
1784803466 13.7
1784803467 13.9
1784803468 13.7
1784803469 14.2
1784803470 15.7
1784803471 13.2
1784803472 15.7
1784803473 13.9
1784803474 12.5
1784803475 14.7
1784803476 13.4
1784803477 14.3
1784803478 13.0
1784803479 15.0
1784803480 13.6
1784803481 14.7
1784803482 13.4
1784803483 14.9
1784803484 13.6
1784803485 13.9
1784803486 14.0
1784803487 14.4
1784803488 13.7
1784803489 13.3
1784803490 15.6
1784803491 13.1
1784803492 14.2
1784803493 13.6
1784803494 13.4
1784803495 14.9
1784803496 12.6
1784803497 15.8
1784803498 14.2
1784803499 17.4
1784803500 10.7
1784803501 15.4
1784803502 14.1
1784803503 13.0
1784803504 13.8
1784803505 14.9
1784803506 13.7
1784803507 13.9
1784803508 14.8
1784803509 13.6
1784803510 15.0
1784803511 13.3
1784803512 15.7
1784803513 14.2
1784803514 12.5
1784803515 15.7
1784803516 12.8
1784803517 14.7
1784803518 14.8
1784803519 15.6
1784803520 14.9
1784803521 13.1
1784803522 14.4
1784803523 14.0
1784803524 14.0
1784803525 15.6
1784803526 15.6
1784803527 14.9
1784803528 15.4
1784803529 14.9
1784803530 16.8
1784803531 15.3
1784803532 14.9
1784803533 15.4
1784803534 14.1
1784803535 16.0
1784803536 15.0
1784803537 16.2
1784803538 15.0
1784803539 12.3
1784803540 17.4
1784803541 13.1
1784803542 15.1
1784803543 13.3
1784803544 15.0
1784803545 14.1
1784803546 14.1
1784803547 14.2
1784803548 14.7
1784803549 14.3
1784803550 14.6
1784803551 15.0
1784803552 14.1
1784803553 13.8
1784803554 13.8
1784803555 15.2
1784803556 14.0
1784803557 14.1
1784803558 14.7
1784803559 13.6
1784803560 14.6
1784803561 13.7
1784803562 15.8
1784803563 14.4
1784803564 13.1
1784803565 15.3
1784803566 12.9
1784803567 14.5
1784803568 12.7
1784803569 14.8
1784803570 12.6
1784803571 14.1
1784803572 14.2
1784803573 13.7
1784803574 14.5
1784803575 13.4
1784803576 14.2
1784803577 13.3
1784803578 13.8
1784803579 13.3
1784803580 15.3
1784803581 14.0
1784803582 12.8
1784803583 15.4
1784803584 13.3
1784803585 14.6
1784803586 12.7
1784803587 14.9
1784803588 13.0
1784803589 15.1
1784803590 15.6
1784803591 14.3
1784803592 14.1
1784803593 13.6
1784803594 15.1
1784803595 13.7
1784803596 13.4
1784803597 14.0
1784803598 13.8
1784803599 16.6
1784803600 11.5
1784803601 15.0
1784803602 12.6
1784803603 14.7
1784803604 13.6
1784803605 15.9
1784803606 15.2
1784803607 14.4
1784803608 14.4
1784803609 15.2
1784803610 15.7
1784803611 12.8
1784803612 14.4
1784803614 13.9
1784803615 14.3
1784803616 14.0
1784803617 15.8
1784803618 13.6
1784803619 13.2
1784803620 16.6
1784803621 11.6
1784803622 14.4
1784803623 13.5
1784803624 15.3
1784803625 13.7
1784803626 13.9
1784803627 14.2
1784803628 16.3
1784803629 14.0
1784803630 14.6
1784803631 15.2
1784803632 14.7
1784803633 14.5
1784803634 14.5
1784803635 16.7
1784803636 13.6
1784803637 14.4
1784803638 16.3
1784803639 13.5
1784803640 16.9
1784803641 14.3
1784803642 16.7
1784803643 14.5
1784803644 13.8
1784803645 16.3
1784803646 14.9
1784803647 15.4
1784803648 13.8
1784803649 15.0
1784803650 16.1
1784803651 13.4
1784803652 14.8
1784803653 16.8
1784803654 13.8
1784803655 14.7
1784803656 15.7
1784803657 13.3
1784803658 15.1
1784803659 15.8
1784803660 16.2
1784803661 13.0
1784803662 14.2
1784803663 15.4
1784803664 14.9
1784803665 17.2
1784803666 15.2
1784803667 15.2
1784803668 15.4
1784803669 16.4
1784803670 15.6
1784803671 15.1
1784803672 14.1
1784803673 13.4
1784803674 16.2
1784803675 13.9
1784803676 15.9
1784803677 15.8
1784803678 14.7
1784803679 13.7
1784803680 15.9
1784803681 14.4
1784803682 17.4
1784803683 15.4
1784803684 14.0
1784803685 15.8
1784803686 13.5
1784803687 14.7
1784803688 16.3
1784803689 12.4
1784803690 15.0
1784803691 14.9
1784803692 16.0
1784803693 13.7
1784803694 15.5
1784803695 14.7
1784803696 16.3
1784803697 14.4
1784803698 15.6
1784803699 16.0
1784803700 14.9
1784803701 16.3
1784803702 14.4
1784803703 15.5
1784803704 14.5
1784803705 16.1
1784803706 15.6
1784803707 14.8
1784803708 15.0
1784803709 14.7
1784803710 15.9
1784803711 12.7
1784803712 14.8
1784803713 14.5
1784803714 16.5
1784803715 15.1
1784803716 14.6
1784803717 15.9
1784803718 13.9
1784803719 14.4
1784803720 15.6
1784803721 14.4
1784803722 15.1
1784803723 13.7
1784803724 14.2
1784803725 16.0
1784803726 13.0
1784803727 14.0
1784803728 15.2
1784803729 13.5
1784803730 14.6
1784803731 13.6
1784803732 15.1
1784803733 12.8
1784803734 14.2
1784803735 15.5
1784803736 11.8
1784803737 13.4
1784803738 13.5
1784803739 15.6
1784803740 14.4
1784803741 12.8
1784803742 14.3
1784803743 15.1
1784803744 14.0
1784803745 15.1
1784803746 15.2
1784803747 13.2
1784803748 13.0
1784803749 14.8
1784803750 16.8
1784803751 13.6
1784803752 14.2
1784803753 14.3
1784803754 14.2
1784803755 14.3
1784803756 13.7
1784803757 15.4
1784803758 13.1
1784803759 14.0
1784803760 15.9
1784803761 14.2
1784803762 12.8
1784803763 13.7
1784803764 15.3
1784803765 14.0
1784803766 13.3
1784803767 15.0
1784803768 13.9
1784803769 14.2
1784803770 17.0
1784803771 14.4
1784803772 13.2
1784803773 12.9
1784803774 14.4
1784803775 15.2
1784803776 12.9
1784803777 14.1
1784803778 14.1
1784803779 13.3
1784803780 16.0
1784803781 14.5
1784803782 13.2
1784803783 13.2
1784803784 13.3
1784803785 15.8
1784803786 13.8
1784803787 12.9
1784803788 13.3
1784803789 15.2
1784803790 15.0
1784803791 13.5
1784803792 14.5
1784803793 13.8
1784803794 12.9
1784803795 15.9
1784803796 14.6
1784803797 13.2
1784803798 12.5
1784803799 15.3
1784803800 12.5
1784803801 12.8
1784803802 13.5
1784803803 14.1
1784803804 14.1
1784803805 14.6
1784803806 13.7
1784803807 15.0
1784803808 12.5
1784803809 14.6
1784803810 16.2
1784803811 13.1
1784803812 12.7
1784803813 13.7
1784803814 14.4
1784803815 14.7
1784803817 12.6
1784803818 14.2
1784803819 14.5
1784803820 14.2
1784803821 14.2
1784803822 15.3
1784803823 13.8
1784803824 13.0
1784803825 14.3
1784803826 17.2
1784803827 14.5
1784803828 12.9
1784803829 14.4
1784803830 16.8
1784803831 13.1
1784803832 13.9
1784803833 14.3
1784803834 13.4
1784803835 13.2
1784803836 14.7
1784803837 13.9
1784803838 13.2
1784803839 12.8
1784803840 15.9
1784803841 14.5
1784803842 13.0
1784803843 13.6
1784803844 14.7
1784803845 13.1
1784803846 14.0
1784803847 13.4
1784803848 15.0
1784803849 13.0
1784803850 15.9
1784803851 14.9
1784803852 12.4
1784803853 13.1
1784803854 14.0
1784803855 15.0
1784803856 14.2
1784803857 13.0
1784803858 14.7
1784803859 13.8
1784803860 14.5
1784803861 14.4
1784803862 15.7
1784803863 11.3
1784803864 13.3
1784803865 14.9
1784803866 14.2
1784803867 12.6
1784803868 14.1
1784803869 15.0
1784803870 15.4
1784803871 14.5
1784803872 15.1
1784803873 14.4
1784803874 13.2
1784803875 13.4
1784803876 16.2
1784803877 13.0
1784803878 13.1
1784803879 14.7
1784803880 14.6
1784803881 14.4
1784803882 13.0
1784803883 14.8
1784803884 13.6
1784803885 13.3
1784803886 17.2
1784803887 13.5
1784803888 13.2
1784803889 12.3
1784803890 17.5
1784803891 14.8
1784803892 13.2
1784803893 13.7
1784803894 15.0
1784803895 13.1
1784803896 14.8
1784803897 14.7
1784803898 14.0
1784803899 12.6
1784803900 16.1
1784803901 16.3
1784803902 14.3
1784803903 12.8
1784803904 14.8
1784803905 14.0
1784803906 14.6
1784803907 12.6
1784803908 15.4
1784803909 13.6
1784803910 15.0
1784803911 14.4
1784803912 15.3
1784803913 13.0
1784803914 13.0
1784803915 15.4
1784803916 14.6
1784803917 12.8
1784803918 13.0
1784803919 14.2
1784803920 16.0
1784803921 16.2
1784803922 15.7
1784803923 15.8
1784803924 14.5
1784803925 15.3
1784803926 16.6
1784803927 13.7
1784803928 14.6
1784803929 13.7
1784803930 16.8
1784803931 17.2
1784803932 13.8
1784803933 15.7
1784803934 13.9
1784803935 14.6
1784803936 15.9
1784803937 14.8
1784803938 15.2
1784803939 13.9
1784803940 14.5
1784803941 16.8
1784803942 13.3
1784803943 13.2
1784803944 14.9
1784803945 14.0
1784803946 14.1
1784803947 12.8
1784803948 14.8
1784803949 13.8
1784803950 15.8
1784803951 13.6
1784803952 16.1
1784803953 12.7
1784803954 13.3
1784803955 14.9
1784803956 15.2
1784803957 12.7
1784803958 13.2
1784803959 14.5
1784803960 15.0
1784803961 14.0
1784803962 14.8
1784803963 13.7
1784803964 13.6
1784803965 13.4
1784803966 15.9
1784803967 13.5
1784803968 14.1
1784803969 16.3
1784803970 15.9
1784803971 16.2
1784803972 13.5
1784803973 17.5
1784803974 16.4
1784803975 14.3
1784803976 16.4
1784803977 14.9
1784803978 13.7
1784803979 13.0
1784803980 16.7
1784803981 15.1
1784803982 13.5
1784803983 13.4
1784803984 14.6
1784803985 14.2
1784803986 13.2
1784803987 15.0
1784803988 13.7
1784803989 13.9
1784803990 15.0
1784803991 13.9
1784803992 13.7
1784803993 12.9
1784803994 14.2
1784803995 13.1
1784803996 14.8
1784803997 13.7
1784803998 15.3
1784803999 14.4
1784804000 13.1
1784804001 14.4
1784804002 14.7
1784804003 13.7
1784804004 14.8
1784804005 16.0
1784804006 14.8
1784804007 13.8
1784804008 14.7
1784804009 14.0
1784804010 12.2
1784804011 13.8
1784804012 14.4
1784804013 14.3
1784804014 12.9
1784804016 13.2
1784804017 15.8
1784804018 14.7
1784804019 13.4
1784804020 14.8
1784804021 14.0
1784804022 14.2
1784804023 14.1
1784804024 14.4
1784804025 14.5
1784804026 14.0
1784804027 15.8
1784804028 15.2
1784804029 15.1
1784804030 15.5
1784804031 13.1
1784804032 15.1
1784804033 16.2
1784804034 13.5
1784804035 15.3
1784804036 14.5
1784804037 14.9
1784804038 14.4
1784804039 16.4
1784804040 15.2
1784804041 13.6
1784804042 17.4
1784804043 15.7
1784804044 14.6
1784804045 15.1
1784804046 14.1
1784804047 14.0
1784804048 13.3
1784804049 14.3
1784804050 14.5
1784804051 14.5
1784804052 13.4
1784804053 15.6
1784804054 16.1
1784804055 14.6
1784804056 15.0
1784804057 15.6
1784804058 13.8
1784804059 13.3
1784804060 15.4
1784804061 16.4
1784804062 13.1
1784804063 14.5
1784804064 13.9
1784804065 14.5
1784804066 12.7
1784804067 19.3
1784804068 12.0
1784804069 14.7
1784804070 16.8
1784804071 15.2
1784804072 16.5
1784804073 14.1
1784804074 15.1
1784804075 15.5
1784804076 14.1
1784804077 15.6
1784804078 14.9
1784804079 15.5
1784804080 14.8
1784804081 14.7
1784804082 14.4
1784804083 16.2
1784804084 13.7
1784804085 15.9
1784804086 15.8
1784804087 15.1
1784804088 15.7
1784804089 14.6
1784804090 16.2
1784804091 13.7
1784804092 15.1
1784804093 15.6
1784804094 13.7
1784804095 16.9
1784804096 12.0
1784804097 15.2
1784804098 14.3
1784804099 16.0
1784804100 14.4
1784804101 13.9
1784804102 13.4
1784804103 15.1
1784804104 14.2
1784804105 13.3
1784804106 14.2
1784804107 14.2
1784804108 13.5
1784804109 13.3
1784804110 14.9
1784804111 16.9
1784804112 12.9
1784804113 14.5
1784804114 12.6
1784804115 15.4
1784804116 13.0
1784804117 15.1
1784804118 14.3
1784804119 14.1
1784804120 13.8
1784804121 14.3
1784804122 15.1
1784804123 13.6
1784804124 13.7
1784804125 14.0
1784804126 15.2
1784804127 14.7
1784804128 14.5
1784804129 15.1
1784804130 15.6
1784804131 13.9
1784804132 13.7
1784804133 15.6
1784804134 12.9
1784804135 14.3
1784804136 14.5
1784804137 14.8
1784804138 13.6
1784804139 13.7
1784804140 15.6
1784804141 13.3
1784804142 14.4
1784804143 13.5
1784804144 14.8
1784804145 13.5
1784804146 13.3
1784804147 14.1
1784804148 16.0
1784804149 12.9
1784804150 16.2
1784804151 15.3
1784804152 13.7
1784804153 14.4
1784804154 12.9
1784804155 15.0
1784804156 13.5
1784804157 14.7
1784804158 15.2
1784804159 12.2
1784804160 13.8
1784804161 14.4
1784804162 15.7
1784804163 13.7
1784804164 13.4
1784804165 13.9
1784804166 14.9
1784804167 13.9
1784804168 14.1
1784804169 15.2
1784804170 14.2
1784804171 14.2
1784804172 13.8
1784804173 16.1
1784804174 14.5
1784804175 13.9
1784804176 14.0
1784804177 14.6
1784804178 14.1
1784804179 13.2
1784804180 16.3
1784804181 13.5
1784804182 14.5
1784804183 14.9
1784804184 14.3
1784804185 13.9
1784804186 13.8
1784804187 15.5
1784804188 13.6
1784804189 14.1
1784804190 16.8
1784804191 14.7
1784804192 13.8
1784804193 14.0
1784804194 14.2
1784804195 13.6
1784804196 13.5
1784804197 14.2
1784804198 14.1
1784804199 14.4
1784804200 14.5
1784804201 14.4
1784804202 13.7
1784804203 14.2
1784804204 13.0
1784804205 15.3
1784804206 12.7
1784804207 14.7
1784804208 13.6
1784804209 15.5
1784804210 14.3
1784804211 13.1
1784804212 15.6
1784804213 13.3
1784804215 13.5
1784804216 13.0
1784804217 14.3
1784804218 13.7
1784804219 13.9
1784804220 17.0
1784804221 13.9
1784804222 13.9
1784804223 13.7
1784804224 14.9
1784804225 12.9
1784804226 14.9
1784804227 13.6
1784804228 14.5
1784804229 13.6
1784804230 14.2
1784804231 14.0
1784804232 14.0
1784804233 14.3
1784804234 13.5
1784804235 16.5
1784804236 14.4
1784804237 14.5
1784804238 14.7
1784804239 13.3
1784804240 16.7
1784804241 12.9
1784804242 14.6
1784804243 13.5
1784804244 13.7
1784804245 14.2
1784804246 13.6
1784804247 13.4
1784804248 13.9
1784804249 13.6
1784804250 18.2
1784804251 14.4
1784804252 13.1
1784804253 16.7
1784804254 14.0
1784804255 16.5
1784804256 18.8
1784804257 13.6
1784804258 15.8
1784804259 13.4
1784804260 16.0
1784804261 15.4
1784804262 15.0
1784804263 15.3
1784804264 15.0
1784804265 14.7
1784804266 14.2
1784804267 15.5
1784804268 14.3
1784804269 14.6
1784804270 16.0
1784804271 15.8
1784804272 13.4
1784804273 16.3
1784804274 15.1
1784804275 14.8
1784804276 15.2
1784804277 14.6
1784804278 15.7
1784804279 14.8
1784804280 15.7
1784804281 17.7
1784804282 15.7
1784804283 16.1
1784804284 14.4
1784804285 16.6
1784804286 15.3
1784804287 16.3
1784804288 15.7
1784804289 15.9
1784804290 16.2
1784804291 15.3
1784804292 15.1
1784804293 15.7
1784804294 13.5
1784804295 14.5
1784804296 14.2
1784804297 14.4
1784804298 15.2
1784804299 15.0
1784804300 17.8
1784804301 15.8
1784804302 14.9
1784804303 15.5
1784804304 14.9
1784804305 16.0
1784804306 15.2
1784804307 15.9
1784804308 15.3
1784804309 14.3
1784804310 15.2
1784804311 14.3
1784804312 15.5
1784804313 13.9
1784804314 15.8
1784804315 15.4
1784804316 13.9
1784804317 14.4
1784804318 14.4
1784804319 13.9
1784804320 16.1
1784804321 14.7
1784804322 15.4
1784804323 16.8
1784804324 14.3
1784804325 14.8
1784804326 14.7
1784804327 12.9
1784804328 15.4
1784804329 13.3
1784804330 15.5
1784804331 13.2
1784804332 15.6
1784804333 17.0
1784804334 12.1
1784804335 15.9
1784804336 15.0
1784804337 14.1
1784804338 15.0
1784804339 15.2
1784804340 15.7
1784804341 14.3
1784804342 13.9
1784804343 14.6
1784804344 13.5
1784804345 14.1
1784804346 13.7
1784804347 14.1
1784804348 13.9
1784804349 13.2
1784804350 15.6
1784804351 14.1
1784804352 13.8
1784804353 14.8
1784804354 13.4
1784804355 14.7
1784804356 12.7
1784804357 13.8
1784804358 14.5
1784804359 14.2
1784804360 14.9
1784804361 15.1
1784804362 13.7
1784804363 13.5
1784804364 13.8
1784804365 14.8
1784804366 13.5
1784804367 13.0
1784804368 14.4
1784804369 14.5
1784804370 15.2
1784804371 14.1
1784804372 13.3
1784804373 14.9
1784804374 12.5
1784804375 15.2
1784804376 13.4
1784804377 15.1
1784804378 14.9
1784804379 15.7
1784804380 18.5
1784804381 12.6
1784804382 14.6
1784804383 15.9
1784804384 14.4
1784804385 14.4
1784804386 14.6
1784804387 16.0
1784804388 13.9
1784804389 14.1
1784804390 15.6
1784804391 14.1
1784804392 12.8
1784804393 15.0
1784804394 15.5
1784804395 16.3
1784804396 15.3
1784804397 15.3
1784804398 15.8
1784804399 14.4
1784804400 17.4
1784804401 16.1
1784804402 13.4
1784804403 14.2
1784804404 14.2
1784804405 15.0
1784804406 13.1
1784804407 14.0
1784804408 14.7
1784804409 15.5
1784804410 14.9
1784804411 16.5
1784804412 16.3
1784804413 15.2
1784804415 14.9
1784804416 15.2
1784804417 13.8
1784804418 14.7
1784804419 15.3
1784804420 15.5
1784804421 15.6
1784804422 14.7
1784804423 14.2
1784804424 18.0
1784804425 13.7
1784804426 15.7
1784804427 15.8
1784804428 14.8
1784804429 14.6
1784804430 18.7
1784804431 14.1
1784804432 13.4
1784804433 13.7
1784804434 14.6
1784804435 14.1
1784804436 13.1
1784804437 14.1
1784804438 14.1
1784804439 14.8
1784804440 15.1
1784804441 13.0
1784804442 15.7
1784804443 12.6
1784804444 14.7
1784804445 13.8
1784804446 13.7
1784804447 13.4
1784804448 13.8
1784804449 15.3
1784804450 14.8
1784804451 13.5
1784804452 13.7
1784804453 15.1
1784804454 13.8
1784804455 14.1
1784804456 13.8
1784804457 14.7
1784804458 13.2
1784804459 14.3
1784804460 16.2
1784804461 12.9
1784804462 14.7
1784804463 12.9
1784804464 15.9
1784804465 12.9
1784804466 13.9
1784804467 14.8
1784804468 13.3
1784804469 14.5
1784804470 14.4
1784804471 16.2
1784804472 12.8
1784804473 13.5
1784804474 14.7
1784804475 14.1
1784804476 13.1
1784804477 14.1
1784804478 15.2
1784804479 13.7
