1784802370 28.4
1784802371 17.0
1784802372 15.8
1784802373 14.1
1784802374 15.9
1784802375 15.5
1784802376 15.6
1784802377 14.4
1784802378 16.4
1784802379 15.5
1784802380 16.3
1784802381 16.9
1784802382 15.4
1784802383 15.0
1784802384 14.9
1784802385 16.7
1784802386 15.9
1784802387 14.1
1784802388 15.2
1784802389 17.0
1784802390 17.6
1784802391 15.2
1784802392 16.1
1784802393 15.2
1784802394 16.4
1784802395 14.4
1784802396 17.6
1784802397 17.2
1784802398 15.9
1784802399 16.7
1784802400 17.5
1784802401 15.8
1784802402 14.5
1784802403 16.0
1784802404 15.3
1784802405 15.8
1784802406 15.6
1784802407 16.3
1784802408 16.0
1784802409 15.1
1784802410 16.9
1784802411 17.2
1784802412 14.9
1784802413 14.2
1784802414 16.8
1784802415 15.8
1784802416 15.4
1784802417 15.3
1784802418 15.5
1784802419 15.8
1784802420 16.4
1784802421 16.9
1784802422 15.7
1784802423 14.2
1784802424 15.7
1784802425 16.5
1784802426 16.1
1784802427 14.4
1784802428 16.7
1784802429 15.9
1784802430 16.1
1784802431 15.5
1784802432 16.0
1784802433 14.9
1784802434 15.4
1784802435 16.3
1784802436 14.8
1784802437 15.2
1784802438 14.4
1784802439 16.6
1784802440 18.4
1784802441 15.0
1784802442 15.3
1784802443 15.6
1784802444 15.8
1784802445 14.4
1784802446 17.5
1784802447 15.5
1784802448 15.4
1784802449 14.9
1784802450 19.0
1784802451 15.7
1784802452 14.8
1784802453 16.1
1784802454 15.3
1784802455 15.8
1784802456 15.6
1784802457 16.0
1784802458 15.8
1784802459 14.8
1784802460 16.7
1784802461 16.6
1784802462 15.8
1784802463 14.2
1784802464 17.4
1784802465 15.7
1784802466 15.3
1784802467 14.2
1784802468 16.8
1784802469 15.9
1784802470 17.6
1784802471 17.0
1784802472 14.5
1784802473 15.5
1784802474 15.2
1784802475 16.1
1784802476 16.0
1784802477 14.0
1784802478 15.1
1784802479 18.4
1784802480 15.7
1784802481 14.8
1784802482 17.2
1784802483 15.1
1784802484 14.8
1784802485 14.8
1784802486 16.3
1784802487 15.8
1784802488 14.4
1784802489 16.7
1784802490 16.0
1784802491 15.4
1784802492 15.2
1784802493 15.6
1784802494 15.9
1784802495 14.2
1784802496 15.3
1784802497 15.8
1784802498 15.0
1784802499 14.8
1784802500 18.1
1784802501 14.8
1784802502 16.6
1784802503 14.4
1784802504 17.2
1784802505 15.6
1784802506 14.8
1784802507 17.4
1784802508 14.3
1784802509 16.3
1784802510 18.4
1784802511 16.6
1784802512 16.3
1784802513 14.6
1784802514 16.3
1784802515 15.6
1784802516 16.1
1784802517 15.0
1784802518 16.2
1784802519 16.6
1784802520 16.3
1784802521 15.1
1784802522 16.2
1784802523 15.3
1784802524 15.4
1784802525 16.8
1784802526 14.8
1784802527 15.8
1784802528 15.6
1784802529 18.6
1784802530 17.4
1784802531 15.0
1784802532 17.1
1784802533 14.3
1784802534 16.2
1784802535 15.5
1784802536 15.6
1784802537 15.5
1784802538 15.3
1784802539 18.3
1784802540 17.9
1784802541 15.6
1784802542 15.5
1784802543 16.1
1784802544 15.1
1784802546 15.6
1784802547 16.5
1784802548 15.2
1784802549 15.3
1784802550 16.2
1784802551 16.7
1784802552 14.7
1784802553 15.9
1784802554 14.7
1784802555 18.0
1784802556 14.5
1784802557 15.7
1784802558 16.8
1784802559 14.5
1784802560 16.3
1784802561 15.8
1784802562 16.4
1784802563 15.1
1784802564 15.0
1784802565 16.7
1784802566 15.3
1784802567 14.9
1784802568 16.0
1784802569 16.4
1784802570 17.8
1784802571 15.0
1784802572 15.3
1784802573 16.7
1784802574 14.3
1784802575 16.1
1784802576 15.5
1784802577 15.3
1784802578 14.9
1784802579 15.3
1784802580 18.1
1784802581 14.9
1784802582 15.2
1784802583 16.0
1784802584 14.6
1784802585 15.5
1784802586 15.0
1784802587 16.1
1784802588 14.8
1784802589 14.3
1784802590 17.1
1784802591 16.5
1784802592 14.3
1784802593 15.7
1784802594 16.4
1784802595 15.5
1784802596 14.1
1784802597 15.3
1784802598 17.1
1784802599 14.3
1784802600 17.5
1784802601 15.8
1784802602 15.7
1784802603 15.7
1784802604 15.1
1784802605 17.4
1784802606 14.4
1784802607 15.1
1784802608 15.8
1784802609 16.7
1784802610 16.4
1784802611 15.0
1784802612 17.5
1784802613 15.5
1784802614 14.8
1784802615 16.9
1784802616 16.4
1784802617 14.7
1784802618 15.0
1784802619 17.4
1784802620 17.7
1784802621 15.2
1784802622 15.4
1784802623 17.2
1784802624 14.2
1784802625 15.5
1784802626 16.2
1784802627 15.8
1784802628 14.9
1784802629 15.5
1784802630 20.0
1784802631 15.0
1784802632 14.7
1784802633 16.5
1784802634 14.9
1784802635 15.7
1784802636 14.8
1784802637 17.0
1784802638 15.0
1784802639 14.4
1784802640 17.6
1784802641 15.2
1784802642 14.0
1784802643 14.9
1784802644 17.2
1784802645 15.6
1784802646 14.3
1784802647 16.0
1784802648 17.3
1784802649 14.5
1784802650 16.5
1784802651 19.0
1784802652 16.6
1784802653 15.2
1784802654 14.1
1784802655 18.6
1784802656 14.2
1784802657 14.3
1784802658 16.6
1784802659 15.6
1784802660 16.4
1784802661 14.6
1784802662 17.1
1784802663 14.8
1784802664 14.6
1784802665 16.4
1784802666 16.2
1784802667 14.5
1784802668 14.8
