1784801749 29.0
1784801750 12.5
1784801751 13.8
1784801752 12.7
1784801753 15.6
1784801754 12.6
1784801755 13.7
1784801756 14.5
1784801757 14.8
1784801758 13.1
1784801759 14.6
1784801760 14.6
1784801761 14.9
1784801762 13.2
1784801763 14.5
1784801764 19.1
1784801765 17.3
1784801766 9.0
1784801767 12.3
1784801768 13.6
1784801769 14.8
1784801770 12.7
1784801771 15.5
1784801772 14.1
1784801773 12.8
1784801774 13.7
1784801775 14.8
1784801776 13.3
1784801777 13.1
1784801778 14.3
1784801779 14.9
1784801780 13.2
1784801781 13.4
1784801782 15.0
1784801783 12.5
1784801784 13.2
1784801785 15.6
1784801786 18.4
1784801787 9.2
1784801788 12.4
1784801789 16.3
1784801790 13.9
1784801791 14.3
1784801792 12.4
1784801793 15.6
1784801795 13.0
1784801796 13.9
1784801797 14.0
1784801798 14.7
1784801799 12.7
1784801800 16.0
1784801801 14.4
1784801802 14.5
1784801803 13.3
1784801804 13.9
1784801805 15.1
1784801806 12.9
1784801807 13.0
1784801808 14.6
1784801809 13.8
1784801810 14.9
1784801811 12.5
1784801812 16.4
1784801813 12.5
1784801814 12.9
1784801815 14.3
1784801816 15.0
1784801817 13.3
1784801818 13.2
1784801819 15.4
1784801820 14.8
1784801821 12.3
1784801822 14.5
1784801823 13.7
1784801824 12.9
1784801825 14.0
1784801826 15.9
1784801827 13.8
1784801828 13.1
1784801829 13.1
1784801830 18.1
1784801831 12.3
1784801832 13.9
1784801833 14.4
1784801834 13.5
1784801835 13.8
1784801836 13.0
1784801837 16.0
1784801838 12.8
1784801839 12.6
1784801840 16.9
1784801841 13.1
1784801842 13.2
1784801843 12.3
1784801844 15.2
1784801845 13.8
1784801846 13.0
1784801847 13.9
1784801848 14.9
1784801849 12.7
1784801850 15.1
1784801851 15.9
1784801852 13.7
1784801853 12.6
1784801854 12.7
1784801855 15.6
1784801856 12.4
1784801857 13.2
1784801858 15.7
1784801859 12.9
1784801860 13.8
1784801861 14.0
1784801862 15.9
1784801863 12.5
1784801864 12.7
1784801865 13.7
1784801866 15.4
1784801867 13.4
1784801868 13.3
1784801869 15.1
1784801870 14.3
1784801871 13.3
1784801872 14.0
1784801873 15.1
1784801874 12.9
1784801875 12.9
1784801876 14.7
1784801877 15.3
1784801878 13.2
1784801879 12.7
1784801880 16.9
1784801881 13.1
1784801882 13.8
1784801883 12.9
1784801884 18.3
1784801885 13.2
1784801886 13.5
1784801887 15.6
1784801888 13.2
1784801889 12.5
1784801890 14.0
1784801891 18.8
1784801892 13.9
1784801893 12.5
1784801894 14.4
1784801895 15.0
1784801896 13.8
1784801897 13.3
1784801898 15.9
1784801899 13.1
1784801900 14.0
1784801901 13.4
1784801902 15.9
1784801903 12.6
1784801904 12.7
1784801905 15.2
1784801906 13.3
1784801907 13.2
1784801908 12.9
1784801909 15.6
1784801910 15.2
1784801911 13.1
1784801912 14.0
1784801913 15.1
1784801914 12.9
1784801915 12.8
1784801916 16.0
1784801917 13.2
1784801918 13.2
1784801919 12.7
1784801920 17.0
1784801921 13.6
1784801922 13.6
1784801923 14.2
1784801924 14.1
1784801925 13.3
1784801926 13.5
1784801927 16.0
1784801928 13.4
1784801929 13.0
1784801930 15.4
1784801931 13.5
1784801932 13.6
1784801933 12.8
1784801934 15.6
1784801935 13.2
1784801936 13.9
1784801937 14.7
1784801938 14.6
1784801939 13.1
1784801940 14.3
1784801941 16.4
1784801942 14.1
1784801943 12.7
1784801944 13.9
1784801945 14.4
1784801946 13.8
1784801947 13.6
1784801948 14.7
1784801949 15.2
1784801950 13.9
1784801951 18.9
1784801952 13.1
1784801953 13.3
1784801954 13.6
1784801955 19.0
1784801956 13.8
1784801957 13.2
1784801958 13.1
1784801959 16.3
1784801960 15.6
1784801961 13.2
1784801962 14.9
1784801963 13.3
1784801964 13.0
1784801965 13.6
1784801966 15.7
1784801967 14.3
1784801968 12.8
1784801969 14.4
1784801970 15.7
1784801971 13.2
1784801972 13.7
1784801973 14.3
1784801974 13.7
1784801975 13.2
1784801976 13.4
1784801977 15.8
1784801978 12.7
1784801979 14.0
1784801980 15.6
1784801981 14.1
1784801982 13.7
1784801983 12.7
1784801984 14.4
1784801985 14.4
1784801986 13.2
1784801987 14.5
1784801988 14.0
1784801989 13.5
1784801990 13.3
1784801991 15.2
1784801992 15.0
1784801993 12.8
1784801994 12.8
1784801996 14.7
1784801997 14.4
1784801998 13.5
1784801999 14.4
1784802000 15.2
1784802001 13.1
1784802002 13.5
1784802003 14.9
1784802004 13.4
1784802005 13.4
1784802006 12.7
1784802007 16.2
1784802008 13.3
1784802009 13.1
1784802010 15.9
1784802011 14.3
1784802012 13.4
1784802013 13.4
1784802014 15.0
1784802015 13.4
1784802016 13.0
1784802017 15.4
1784802018 14.3
1784802019 13.5
1784802020 15.4
1784802021 16.0
1784802022 14.4
1784802023 14.0
1784802024 13.1
1784802025 16.5
1784802026 13.7
1784802027 13.5
1784802028 15.6
1784802029 13.8
1784802030 15.4
1784802031 13.9
1784802032 15.6
1784802033 14.5
1784802034 12.8
1784802035 15.0
1784802036 14.1
1784802037 13.6
1784802038 13.5
1784802039 14.6
1784802040 14.6
1784802041 12.7
1784802042 14.7
1784802043 15.4
1784802044 12.6
1784802045 13.4
1784802046 15.0
1784802047 14.5
1784802048 13.3
