1784802059 28.5
1784802060 14.6
1784802061 14.5
1784802062 14.6
1784802063 15.4
1784802064 14.1
1784802065 14.2
1784802066 13.2
1784802067 16.5
1784802068 14.1
1784802069 14.5
1784802071 15.5
1784802072 13.2
1784802073 15.1
1784802074 13.7
1784802075 15.3
1784802076 14.6
1784802077 13.3
1784802078 15.5
1784802079 13.7
1784802080 15.8
1784802081 13.4
1784802082 15.3
1784802083 15.4
1784802084 13.5
1784802085 13.7
1784802086 16.2
1784802087 14.3
1784802088 15.3
1784802089 14.1
1784802090 17.9
1784802091 14.5
1784802092 13.8
1784802093 16.9
1784802094 14.5
1784802095 13.6
1784802096 13.6
1784802097 14.9
1784802098 16.5
1784802099 15.8
1784802100 16.2
1784802101 14.3
1784802102 14.5
1784802103 14.7
1784802104 15.3
1784802105 14.7
1784802106 14.0
1784802107 15.4
1784802108 15.7
1784802109 14.8
1784802110 15.6
1784802111 15.3
1784802112 14.7
1784802113 14.2
1784802114 14.7
1784802115 14.5
1784802116 15.1
1784802117 13.4
1784802118 16.7
1784802119 14.3
1784802120 14.8
1784802121 14.0
1784802122 15.2
1784802123 15.8
1784802124 13.7
1784802125 15.4
1784802126 14.4
1784802127 14.2
1784802128 14.6
1784802129 14.9
1784802130 16.1
1784802131 13.8
1784802132 15.0
1784802133 15.3
1784802134 13.8
1784802135 13.6
1784802136 15.3
1784802137 13.9
1784802138 15.0
1784802139 14.2
1784802140 15.7
1784802141 14.4
1784802142 13.4
1784802143 16.7
1784802144 17.1
1784802145 13.9
1784802146 14.6
1784802147 14.9
1784802148 15.7
1784802149 13.2
1784802150 17.4
1784802151 14.3
1784802152 13.7
1784802153 14.2
1784802154 15.5
1784802155 14.7
1784802156 13.5
1784802157 14.0
1784802158 15.5
1784802159 14.9
1784802160 14.8
1784802161 14.8
1784802162 14.6
1784802163 14.4
1784802164 13.8
1784802165 15.4
1784802166 14.7
1784802167 13.5
1784802168 15.5
1784802169 15.1
1784802170 15.0
1784802171 13.9
1784802172 15.8
1784802173 15.2
1784802174 14.1
1784802175 14.4
1784802176 14.4
1784802177 14.2
1784802178 14.2
1784802179 16.1
1784802180 15.9
1784802181 13.4
1784802182 13.8
1784802183 15.7
1784802184 14.5
1784802185 13.7
1784802186 14.6
1784802187 15.1
1784802188 14.2
1784802189 14.1
1784802190 17.1
1784802191 14.5
1784802192 13.4
1784802193 14.3
1784802194 16.0
1784802195 14.5
1784802196 13.9
1784802197 15.3
1784802198 15.3
1784802199 13.9
1784802200 15.0
1784802201 14.9
1784802202 14.2
1784802203 14.3
1784802204 15.0
1784802205 15.2
1784802206 14.0
1784802207 13.9
1784802208 16.0
1784802209 15.5
1784802210 16.3
1784802211 13.4
1784802212 15.9
1784802213 15.1
1784802214 14.0
1784802215 15.8
1784802216 14.7
1784802217 13.2
1784802218 14.3
1784802219 15.6
1784802220 17.0
1784802221 14.1
1784802222 15.1
1784802223 14.9
1784802224 14.4
1784802225 13.6
1784802226 15.5
1784802227 14.6
1784802228 15.1
1784802229 15.9
1784802230 17.2
1784802231 13.7
1784802232 13.8
1784802233 16.1
1784802234 15.2
1784802235 13.9
1784802236 14.7
1784802237 14.8
1784802238 14.6
1784802239 15.3
1784802240 16.8
1784802241 14.7
1784802242 14.3
1784802243 14.0
1784802244 16.4
1784802245 14.6
1784802246 14.1
1784802247 15.4
1784802248 15.1
1784802249 14.9
1784802250 13.9
1784802251 15.4
1784802252 14.4
1784802253 13.8
1784802254 15.8
1784802255 13.8
1784802256 14.3
1784802257 13.3
1784802258 16.1
1784802259 15.8
1784802260 14.1
1784802261 14.1
1784802262 14.6
1784802263 14.8
1784802264 14.5
1784802265 15.5
1784802266 14.4
1784802268 13.5
1784802269 14.2
1784802270 17.7
1784802271 14.5
1784802272 13.5
1784802273 14.9
1784802274 13.8
1784802275 15.2
1784802276 13.4
1784802277 15.1
1784802278 14.1
1784802279 14.1
1784802280 15.2
1784802281 15.5
1784802282 14.1
1784802283 13.9
1784802284 15.8
1784802285 14.9
1784802286 13.3
1784802287 14.0
1784802288 15.2
1784802289 14.8
1784802290 16.4
1784802291 14.6
1784802292 14.3
1784802293 14.5
1784802294 13.7
1784802295 15.9
1784802296 14.6
1784802297 13.4
1784802298 13.0
1784802299 16.1
1784802300 16.5
1784802301 14.3
1784802302 15.1
1784802303 14.5
1784802304 13.9
1784802305 14.6
1784802306 15.0
1784802307 14.1
1784802308 13.5
1784802309 14.6
1784802310 17.2
1784802311 15.1
1784802312 13.4
1784802313 15.4
1784802314 16.9
1784802315 15.4
1784802316 13.6
1784802317 15.1
1784802318 14.7
1784802319 14.7
1784802320 17.4
1784802321 15.8
1784802322 13.5
1784802323 13.6
1784802324 16.0
1784802325 15.8
1784802326 13.9
1784802327 15.0
1784802328 15.0
1784802329 15.2
1784802330 16.5
1784802331 15.8
1784802332 14.5
1784802333 13.5
1784802334 15.7
1784802335 15.1
1784802336 14.2
1784802337 13.8
1784802338 15.2
1784802339 15.4
1784802340 15.2
1784802341 15.9
1784802342 13.9
1784802343 14.6
1784802344 14.7
1784802345 16.2
1784802346 14.5
1784802347 13.7
1784802348 14.3
1784802349 14.9
1784802350 16.2
1784802351 13.7
1784802352 15.0
1784802353 15.0
1784802354 14.0
1784802355 14.1
1784802356 14.8
1784802357 14.8
1784802358 13.5
