1784801539 22.9
1784801540 14.9
1784801541 14.0
1784801542 15.6
1784801543 15.3
1784801544 12.1
1784801545 17.3
1784801546 14.4
1784801547 15.3
1784801548 14.6
1784801549 14.9
1784801550 17.7
1784801551 15.8
1784801552 14.3
1784801553 14.2
1784801554 14.1
1784801555 14.9
1784801556 13.5
1784801557 14.8
1784801558 11.7
1784801559 14.2
1784801560 14.4
1784801561 14.8
1784801562 14.3
1784801563 14.1
1784801564 13.5
1784801565 15.2
1784801566 13.7
1784801567 15.0
1784801568 13.9
1784801569 13.7
1784801570 16.1
1784801571 14.8
1784801572 14.4
1784801573 14.4
1784801574 14.0
1784801575 14.4
1784801576 14.3
1784801577 14.1
1784801578 14.8
1784801579 14.2
1784801580 16.2
1784801581 14.1
1784801582 13.2
1784801583 14.8
1784801584 13.7
1784801585 16.0
1784801586 14.4
1784801587 12.8
1784801588 15.2
1784801589 14.8
1784801590 16.1
1784801591 15.0
1784801592 14.4
1784801593 14.2
1784801594 14.2
1784801595 15.5
1784801596 13.7
1784801597 13.9
