1784801609 26.6
1784801610 17.8
1784801611 14.1
1784801612 14.0
1784801613 14.8
1784801614 13.7
1784801615 13.7
1784801616 15.6
1784801617 14.0
1784801618 13.4
1784801619 14.2
1784801620 14.9
1784801621 14.5
1784801622 13.2
1784801623 14.6
1784801624 14.2
1784801625 15.0
1784801626 15.1
1784801627 14.9
1784801628 14.7
1784801629 13.4
1784801630 15.7
1784801631 15.2
1784801632 14.1
1784801633 14.5
1784801634 14.8
1784801635 15.7
1784801636 13.6
1784801637 14.1
1784801638 16.7
1784801639 14.6
1784801640 15.7
1784801641 16.0
1784801642 15.3
1784801643 13.8
1784801644 13.1
1784801645 16.6
1784801646 14.7
1784801647 13.4
1784801648 15.0
1784801649 15.1
1784801650 14.7
1784801651 14.3
1784801652 15.1
1784801653 15.4
1784801654 13.0
1784801655 15.7
1784801656 16.6
1784801657 13.6
1784801658 13.4
1784801659 14.4
1784801660 15.2
1784801661 13.4
1784801662 13.5
1784801663 15.4
1784801664 12.8
1784801665 14.0
1784801666 14.4
1784801667 13.8
