1784801679 26.4
1784801680 15.0
1784801681 15.1
1784801682 14.4
1784801683 13.6
1784801684 14.1
1784801685 15.3
1784801686 13.8
1784801687 13.2
1784801688 14.0
1784801689 15.2
1784801690 13.8
1784801691 13.7
1784801692 14.5
1784801693 13.6
1784801694 13.6
1784801695 14.9
1784801696 14.7
1784801697 12.9
1784801698 13.1
1784801699 15.3
1784801700 14.0
1784801701 13.9
1784801702 13.8
1784801703 15.0
1784801704 13.0
1784801705 13.4
1784801706 15.3
1784801707 14.0
1784801708 13.0
1784801709 14.3
1784801710 16.0
1784801711 13.8
1784801712 13.3
1784801713 14.9
1784801714 13.5
1784801715 13.4
1784801716 14.0
1784801717 15.0
1784801718 12.6
1784801719 14.1
1784801720 14.3
1784801721 15.1
1784801722 13.1
1784801723 13.1
1784801724 15.2
1784801725 14.2
1784801726 13.4
1784801727 13.6
1784801728 14.5
1784801729 14.3
1784801730 15.6
1784801731 17.0
1784801732 13.0
1784801733 13.2
1784801734 13.6
1784801735 15.8
1784801736 15.1
1784801737 13.2
