1784801032 21.6
1784801033 13.6
1784801034 13.8
1784801035 14.4
1784801036 14.1
1784801037 13.3
1784801038 14.0
1784801039 14.9
1784801040 15.0
1784801041 12.4
1784801042 15.5
1784801043 15.1
1784801044 12.9
1784801045 14.1
1784801046 14.6
1784801047 13.1
1784801048 13.3
1784801049 15.1
1784801050 14.7
1784801051 13.8
1784801052 14.1
1784801053 14.1
1784801054 14.0
1784801055 13.1
1784801056 13.7
1784801057 15.3
1784801058 13.8
1784801059 13.5
1784801060 14.4
1784801061 14.1
1784801062 13.8
1784801063 14.4
1784801064 14.3
1784801065 13.6
1784801066 12.9
1784801067 14.2
1784801068 15.6
1784801069 13.3
1784801070 17.0
1784801071 14.5
1784801072 15.7
1784801073 14.4
1784801074 15.8
1784801075 16.4
1784801076 13.7
1784801077 14.2
1784801078 14.8
1784801079 16.9
1784801080 13.7
1784801081 14.5
1784801082 14.8
1784801083 16.0
1784801084 15.9
1784801085 15.2
1784801086 16.9
1784801087 14.7
1784801088 15.0
1784801089 16.2
1784801090 15.2
