1784801097 21.6
1784801098 14.1
1784801099 14.9
1784801100 14.1
1784801101 14.4
1784801102 14.1
1784801103 15.5
1784801104 15.6
1784801105 14.6
1784801106 13.9
1784801107 15.3
1784801108 16.1
1784801109 15.5
1784801110 16.8
1784801111 14.8
1784801112 14.6
1784801113 16.7
1784801114 15.2
1784801115 17.8
1784801116 13.8
1784801117 15.8
1784801118 15.3
1784801119 18.2
1784801120 14.3
1784801121 15.5
1784801122 14.9
1784801123 15.3
1784801124 15.8
1784801125 17.1
1784801126 15.5
1784801127 14.0
1784801128 15.0
1784801129 14.4
1784801130 19.8
1784801131 13.7
1784801132 15.4
1784801133 16.7
1784801134 14.1
1784801135 16.9
1784801136 14.5
1784801137 15.8
1784801138 15.5
1784801139 16.0
1784801140 15.1
1784801141 14.3
1784801143 15.3
1784801144 16.5
1784801145 18.6
1784801146 14.3
1784801147 14.3
1784801148 16.6
1784801149 14.8
1784801150 17.4
1784801151 14.1
1784801152 17.2
1784801153 14.0
1784801154 15.5
1784801155 15.7
1784801156 15.3
