1784801162 21.8
1784801163 18.5
1784801164 15.8
1784801165 13.4
1784801166 15.3
1784801167 13.6
1784801168 16.2
1784801169 16.6
1784801170 14.2
1784801171 14.6
1784801172 14.3
1784801173 16.7
1784801174 14.6
1784801175 15.3
1784801176 15.4
1784801177 14.7
1784801178 15.8
1784801179 16.0
1784801180 16.5
1784801181 14.1
1784801182 15.4
1784801183 14.9
1784801184 15.4
1784801185 14.9
1784801186 14.0
1784801187 15.1
1784801188 15.2
1784801190 17.2
1784801191 15.0
1784801192 15.6
1784801193 14.8
1784801194 16.5
1784801195 15.7
1784801196 14.7
1784801197 15.0
1784801198 14.2
1784801199 17.4
1784801200 14.9
1784801201 12.9
1784801202 15.7
1784801203 14.7
1784801204 16.9
1784801205 12.1
1784801206 14.3
1784801207 13.3
1784801208 15.1
1784801209 17.6
1784801210 14.0
1784801211 14.4
1784801212 14.1
1784801213 15.7
1784801214 17.8
1784801215 14.4
1784801216 13.1
1784801217 15.6
1784801218 15.9
1784801219 14.0
1784801220 15.8
1784801221 14.4
