1784800512 14.0
1784800513 11.5
1784800514 12.9
1784800515 12.8
1784800516 13.2
1784800517 12.3
1784800518 13.6
1784800519 14.3
1784800520 14.1
1784800521 14.0
1784800522 13.1
1784800523 12.4
1784800524 12.8
1784800525 13.0
1784800526 13.7
1784800527 13.5
1784800528 12.1
1784800529 12.5
1784800530 15.8
1784800531 13.2
1784800532 13.4
1784800533 12.7
1784800534 13.6
1784800535 12.0
1784800536 13.3
1784800537 12.4
1784800538 13.2
1784800539 13.3
1784800540 13.4
1784800541 12.6
1784800542 12.6
1784800543 12.7
1784800544 13.3
1784800545 12.2
1784800546 12.1
1784800547 12.5
1784800548 12.3
1784800549 11.9
1784800550 14.2
1784800551 13.1
1784800552 11.5
1784800553 12.9
1784800554 12.7
1784800555 12.5
1784800556 13.4
1784800557 11.5
1784800558 13.8
1784800559 11.6
1784800560 14.7
1784800561 12.8
1784800562 14.2
1784800563 12.9
1784800564 12.0
1784800565 13.9
1784800566 13.2
1784800567 13.0
1784800568 12.2
1784800569 14.0
1784800570 14.5
