1784800447 14.7
1784800448 14.3
1784800449 14.9
1784800450 17.1
1784800451 12.4
1784800452 13.5
1784800453 13.3
1784800454 12.7
1784800455 16.2
1784800456 18.2
1784800457 12.6
1784800458 12.1
1784800459 13.2
1784800460 16.7
1784800461 10.1
1784800462 13.9
1784800463 13.6
1784800464 12.5
1784800465 13.9
1784800466 12.5
1784800467 13.0
1784800468 12.4
1784800469 12.7
1784800470 16.3
1784800471 12.8
1784800472 13.5
1784800473 14.1
1784800474 11.4
1784800475 14.5
1784800476 12.3
1784800477 14.4
1784800478 12.0
1784800479 12.8
1784800480 15.5
1784800481 12.4
1784800482 15.4
1784800483 11.9
1784800484 13.1
1784800485 13.3
1784800486 12.2
1784800487 12.2
1784800488 12.3
1784800489 12.6
1784800490 15.0
1784800491 12.7
1784800492 12.3
1784800493 12.3
1784800494 11.3
1784800495 13.7
1784800496 12.3
1784800497 12.9
1784800498 11.4
1784800499 12.9
1784800500 14.2
1784800501 12.7
1784800502 13.1
1784800503 12.4
1784800504 13.3
1784800505 12.8
