1784800577 15.6
1784800578 15.2
1784800579 13.3
1784800580 15.7
1784800581 14.7
1784800582 13.3
1784800583 14.0
1784800584 13.9
1784800585 15.5
1784800586 15.0
1784800587 13.8
1784800588 14.3
1784800589 16.5
1784800590 14.8
1784800591 14.6
1784800592 14.0
1784800593 13.3
1784800594 12.9
1784800595 14.0
1784800596 15.2
1784800597 12.7
1784800598 14.0
1784800599 13.6
1784800600 14.9
1784800601 13.0
1784800602 13.4
1784800603 14.1
1784800604 12.0
1784800605 13.4
1784800606 14.1
1784800607 14.3
1784800608 13.7
1784800609 13.3
1784800610 14.2
1784800611 16.4
1784800612 15.8
1784800613 14.2
1784800614 14.1
1784800615 14.2
1784800616 19.3
1784800617 13.4
1784800618 14.1
1784800619 13.0
1784800620 14.1
1784800621 13.8
1784800622 15.6
1784800623 13.7
1784800624 13.4
1784800625 14.6
1784800626 13.9
1784800627 12.9
1784800628 14.8
1784800629 14.4
1784800630 14.7
1784800631 15.6
1784800632 12.5
1784800633 15.5
1784800634 12.6
1784800635 14.5
