1784801293 26.5
1784801294 14.1
1784801295 13.9
1784801296 13.3
1784801297 13.9
1784801298 13.3
1784801299 14.3
1784801300 14.4
1784801301 14.7
1784801302 12.6
1784801303 13.8
1784801304 14.6
1784801305 14.8
1784801306 12.6
1784801307 14.0
1784801308 14.2
1784801309 13.3
1784801310 18.2
1784801311 14.0
1784801312 13.2
1784801313 13.0
1784801314 14.2
1784801315 14.9
1784801316 13.5
1784801317 12.6
1784801318 13.6
1784801319 15.2
1784801320 14.4
1784801321 14.0
1784801322 13.3
1784801323 13.8
1784801324 13.0
1784801325 14.7
1784801326 14.3
1784801327 13.1
1784801328 13.2
1784801329 14.5
1784801330 14.7
1784801331 13.5
1784801332 13.3
1784801333 14.7
1784801334 13.4
1784801335 14.2
1784801336 14.1
1784801337 14.7
1784801338 12.8
1784801339 14.5
1784801340 15.4
1784801341 14.2
1784801342 12.6
1784801343 13.9
1784801344 15.4
1784801345 14.2
1784801346 13.3
1784801347 12.9
1784801348 15.0
1784801349 13.9
1784801350 15.5
1784801351 13.6
