1784801227 24.5
1784801228 13.7
1784801230 16.5
1784801231 13.3
1784801232 14.2
1784801233 16.0
1784801234 13.0
1784801235 14.6
1784801236 14.4
1784801237 16.0
1784801238 15.6
1784801239 12.3
1784801240 15.4
1784801241 13.9
1784801242 14.4
1784801243 14.4
1784801244 14.9
1784801245 15.1
1784801246 14.5
1784801247 15.1
1784801248 14.1
1784801249 15.1
1784801250 15.1
1784801251 14.9
1784801252 15.0
1784801253 13.6
1784801254 15.2
1784801255 12.4
1784801256 14.9
1784801257 15.4
1784801258 14.4
1784801259 14.0
1784801260 15.7
1784801261 15.2
1784801262 17.5
1784801263 14.5
1784801264 14.7
1784801265 14.9
1784801266 13.3
1784801267 14.5
1784801268 14.2
1784801269 14.5
1784801270 14.3
1784801271 15.1
1784801272 14.0
1784801273 13.9
1784801274 14.7
1784801275 14.7
1784801276 14.3
1784801277 12.7
1784801278 13.9
1784801279 14.1
1784801280 15.5
1784801281 12.7
1784801282 15.2
1784801283 13.9
1784801284 13.4
1784801285 14.8
1784801286 13.8
