1784801358 27.0
1784801359 15.2
1784801360 14.8
1784801361 14.4
1784801362 15.5
1784801363 13.9
1784801364 14.9
1784801365 14.2
1784801366 15.8
1784801367 13.6
1784801368 14.5
1784801369 15.9
1784801370 16.1
1784801371 13.2
1784801372 14.4
1784801373 15.3
1784801374 14.7
1784801375 14.8
1784801376 15.4
1784801377 14.9
1784801378 14.0
1784801379 15.0
1784801380 16.7
1784801381 18.6
1784801382 14.7
1784801383 13.9
1784801384 17.4
1784801385 16.0
1784801386 15.3
1784801387 15.2
1784801388 14.0
1784801389 15.1
1784801390 15.2
1784801391 15.2
1784801392 13.8
1784801393 14.5
1784801394 14.9
1784801395 15.8
1784801396 15.0
1784801397 14.6
1784801398 15.8
1784801399 14.3
1784801400 15.8
1784801401 15.3
1784801402 15.8
1784801403 13.8
1784801404 15.2
1784801405 15.9
1784801406 14.5
1784801407 14.5
1784801408 14.7
1784801409 15.2
1784801410 15.8
1784801411 16.7
1784801412 15.3
1784801413 13.2
1784801414 15.0
1784801415 14.1
1784801416 16.3
