1784800642 15.7
1784800643 14.7
1784800644 16.5
1784800645 14.5
1784800646 15.2
1784800647 13.9
1784800648 16.5
1784800649 14.6
1784800650 15.8
1784800651 15.1
1784800652 13.7
1784800653 14.7
1784800654 14.4
1784800655 19.0
1784800656 11.8
1784800657 13.1
1784800658 13.5
1784800659 15.0
1784800660 15.3
1784800661 13.5
1784800662 15.0
1784800663 13.5
1784800664 14.7
1784800665 14.6
1784800666 15.8
1784800667 13.5
1784800668 15.4
1784800669 14.3
1784800670 13.4
1784800671 15.0
1784800672 13.7
1784800673 16.2
1784800674 14.9
1784800675 13.9
1784800676 14.7
1784800677 15.1
1784800678 15.6
1784800679 13.5
1784800680 14.7
1784800681 12.9
1784800682 14.3
1784800683 14.8
1784800684 15.6
1784800685 15.2
1784800686 14.3
1784800687 14.2
1784800688 13.9
1784800689 14.7
1784800690 14.6
1784800691 16.0
1784800692 16.6
1784800693 15.2
1784800694 13.3
1784800695 15.3
1784800696 14.6
1784800697 15.3
1784800698 14.3
1784800699 14.5
1784800700 14.0
