1784800772 20.1
1784800773 17.0
1784800774 17.1
1784800775 20.9
1784800776 14.7
1784800777 17.2
1784800778 16.4
1784800779 17.5
1784800780 18.7
1784800781 18.8
1784800782 16.8
1784800783 16.2
1784800784 16.5
1784800785 16.4
1784800786 16.4
1784800787 16.2
1784800788 15.3
1784800789 15.2
1784800790 19.3
1784800791 15.9
1784800792 17.0
1784800793 16.3
1784800794 15.8
1784800795 17.3
1784800796 15.4
1784800797 16.9
1784800798 16.0
1784800799 14.8
1784800800 17.1
1784800801 21.1
1784800802 14.5
1784800803 13.3
1784800804 17.7
1784800805 21.7
1784800806 14.8
1784800807 16.0
1784800808 17.1
1784800809 16.4
1784800810 18.7
1784800811 17.5
1784800812 15.7
1784800813 16.4
1784800814 15.7
1784800815 17.6
1784800816 18.0
1784800817 14.6
1784800818 16.4
1784800819 20.6
1784800820 16.1
1784800821 16.2
1784800822 18.9
1784800823 17.1
1784800824 15.9
1784800825 17.2
1784800826 18.3
1784800827 17.8
1784800828 16.9
1784800829 18.6
1784800830 17.8
