1784800707 13.8
1784800708 13.8
1784800709 13.7
1784800710 15.8
1784800711 14.9
1784800712 13.6
1784800713 15.2
1784800714 13.8
1784800715 14.6
1784800716 14.7
1784800717 14.6
1784800718 13.6
1784800719 14.5
1784800720 14.6
1784800721 14.0
1784800722 17.5
1784800723 13.2
1784800724 14.7
1784800725 14.0
1784800726 13.8
1784800727 12.7
1784800728 15.1
1784800729 15.7
1784800730 12.2
1784800731 17.5
1784800732 12.3
1784800733 14.3
1784800734 14.0
1784800735 16.1
1784800736 15.4
1784800737 13.8
1784800738 12.6
1784800739 16.1
1784800740 15.2
1784800741 14.6
1784800742 19.0
1784800743 10.4
1784800744 13.6
1784800745 13.7
1784800746 15.8
1784800747 14.8
1784800748 15.1
1784800749 13.5
1784800750 12.5
1784800751 14.9
1784800752 12.8
1784800753 14.5
1784800754 16.3
1784800755 14.2
1784800756 13.5
1784800757 14.6
1784800758 13.4
1784800759 13.6
1784800760 13.4
1784800761 15.5
1784800762 13.8
1784800763 13.2
1784800764 15.1
1784800765 13.3
