1784800837 20.3
1784800838 14.4
1784800839 13.3
1784800840 16.6
1784800841 13.8
1784800842 15.1
1784800843 13.8
1784800844 15.4
1784800845 16.1
1784800846 13.2
1784800847 15.0
1784800848 15.6
1784800849 13.9
1784800850 15.3
1784800851 19.0
1784800852 12.9
1784800853 13.0
1784800854 13.9
1784800855 16.9
1784800856 14.5
1784800857 17.0
1784800858 14.6
1784800859 15.0
1784800860 15.6
1784800861 13.8
1784800862 16.2
1784800863 14.0
1784800864 13.6
1784800865 16.2
1784800866 15.8
1784800867 11.4
1784800868 12.2
1784800869 15.0
1784800870 13.3
1784800871 14.2
1784800872 14.9
1784800873 14.6
1784800874 14.5
1784800875 14.8
1784800876 16.2
1784800877 11.9
1784800878 12.8
1784800879 13.0
1784800880 16.9
1784800881 14.3
1784800882 14.3
1784800883 15.2
1784800884 14.8
1784800885 16.2
1784800886 13.5
1784800887 15.8
1784800888 14.4
1784800889 22.7
1784800890 11.0
1784800891 14.5
1784800892 17.0
1784800893 14.7
1784800894 14.1
1784800895 15.7
