1784800967 16.6
1784800968 11.6
1784800969 11.3
1784800970 14.3
1784800971 13.4
1784800972 12.2
1784800973 12.5
1784800974 12.1
1784800975 13.4
1784800976 12.5
1784800977 13.2
1784800978 13.1
1784800979 11.4
1784800980 13.3
1784800981 13.0
1784800982 13.1
1784800983 11.2
1784800984 12.1
1784800985 13.3
1784800986 12.7
1784800987 12.4
1784800988 13.3
1784800989 12.9
1784800990 12.3
1784800991 14.5
1784800992 13.0
1784800993 12.1
1784800994 11.5
1784800995 13.5
1784800996 13.1
1784800997 12.5
1784800998 12.1
1784800999 13.3
1784801000 12.4
1784801001 12.1
1784801002 13.4
1784801003 12.4
1784801004 12.5
1784801005 13.3
1784801006 11.4
1784801007 14.9
1784801008 11.3
1784801009 13.4
1784801010 13.8
1784801011 12.5
1784801012 13.3
1784801013 12.7
1784801014 13.0
1784801015 12.7
1784801016 11.9
1784801017 14.5
1784801018 13.0
1784801019 12.3
1784801020 13.8
1784801021 15.4
1784801022 12.9
1784801023 12.5
1784801024 11.8
1784801025 14.2
