1784800902 18.4
1784800903 16.5
1784800904 19.4
1784800905 15.0
1784800906 16.6
1784800907 15.8
1784800908 19.0
1784800909 15.3
1784800910 17.1
1784800911 15.6
1784800912 18.0
1784800913 16.0
1784800914 16.5
1784800915 15.6
1784800916 17.4
1784800917 16.1
1784800918 15.0
1784800919 17.0
1784800920 17.2
1784800921 16.5
1784800922 16.5
1784800923 17.7
1784800924 16.7
1784800925 16.0
1784800926 16.0
1784800927 15.3
1784800928 16.7
1784800929 16.1
1784800930 16.8
1784800931 17.4
1784800932 18.0
1784800933 15.9
1784800934 17.9
1784800935 15.7
1784800936 15.5
1784800937 16.9
1784800938 18.2
1784800939 16.2
1784800940 15.7
1784800941 17.1
1784800942 17.2
1784800943 15.0
1784800944 16.2
1784800945 17.1
1784800946 18.2
1784800947 17.4
1784800948 15.2
1784800949 16.4
1784800950 17.0
1784800951 14.9
1784800952 16.4
1784800953 15.7
1784800954 14.3
1784800955 15.8
1784800956 16.5
1784800957 16.3
1784800958 14.2
1784800959 17.1
1784800960 16.9
