1784808232 90.2
1784808233 15.4
1784808234 11.4
1784808235 12.5
1784808236 21.7
1784808237 22.8
1784808238 11.8
1784808239 11.5
1784808240 12.0
1784808241 11.7
1784808242 11.6
1784808243 12.3
1784808244 15.8
1784808245 12.3
1784808246 12.6
1784808247 11.9
1784808248 16.5
1784808249 12.3
1784808250 15.3
1784808251 11.9
1784808252 12.2
1784808253 19.5
1784808254 12.3
1784808255 10.9
1784808256 13.0
1784808257 15.1
1784808258 14.6
1784808259 10.8
1784808260 12.1
1784808261 11.8
1784808262 14.6
1784808263 13.0
1784808264 15.0
1784808265 12.7
1784808266 12.6
1784808267 13.5
1784808268 14.0
1784808269 12.3
1784808270 14.8
1784808271 11.6
1784808272 13.5
1784808273 13.6
1784808274 12.5
1784808275 15.6
1784808276 12.2
1784808277 12.4
1784808278 13.7
1784808279 11.9
1784808280 14.4
1784808281 13.6
1784808282 13.9
1784808283 12.4
1784808284 13.6
1784808285 13.9
1784808286 14.0
1784808287 12.8
1784808288 12.6
1784808289 13.1
1784808290 13.5
1784808291 13.1
