1784808298 97.0
1784808299 64.8
1784808300 16.2
1784808301 15.7
1784808302 15.4
1784808303 12.7
1784808304 14.4
1784808305 15.5
1784808306 14.8
1784808307 13.8
1784808308 14.8
1784808309 13.7
1784808310 16.2
1784808311 14.1
1784808312 15.7
1784808313 14.1
1784808314 14.3
1784808315 14.1
1784808316 15.0
1784808317 15.0
1784808318 15.0
1784808319 12.9
1784808320 15.7
1784808321 14.6
1784808322 15.0
1784808323 13.2
1784808324 13.7
1784808325 16.3
1784808326 14.5
1784808327 14.0
1784808328 14.5
1784808329 17.7
1784808330 19.2
1784808331 13.1
1784808332 15.1
1784808333 15.4
1784808334 15.0
1784808335 14.3
1784808336 13.9
1784808337 15.6
1784808338 13.7
1784808339 14.5
1784808340 14.9
1784808341 15.5
1784808342 14.2
1784808343 15.2
1784808344 14.2
1784808345 14.9
1784808346 15.6
1784808347 13.7
1784808348 14.1
1784808349 15.2
1784808350 15.6
1784808351 13.4
1784808352 14.1
1784808353 14.9
1784808354 12.9
1784808355 17.0
1784808356 14.6
1784808357 20.0
1784808358 23.1
