1784808166 46.0
1784808167 13.0
1784808168 15.4
1784808169 16.0
1784808170 16.2
1784808171 14.8
1784808172 14.9
1784808173 16.2
1784808174 12.8
1784808175 15.8
1784808176 17.7
1784808178 14.8
1784808179 15.9
1784808180 15.4
1784808181 18.6
1784808182 14.2
1784808183 15.0
1784808184 16.9
1784808185 15.9
1784808186 12.2
1784808187 16.5
1784808188 15.2
1784808189 14.0
1784808190 17.1
1784808191 14.6
1784808192 14.4
1784808193 18.7
1784808194 30.6
1784808195 23.7
1784808196 26.5
1784808197 19.0
1784808198 18.5
1784808199 17.7
1784808200 18.1
1784808201 18.5
1784808202 19.4
1784808203 19.5
1784808204 18.4
1784808205 17.8
1784808206 20.8
1784808207 17.8
1784808208 19.5
1784808209 20.0
1784808210 21.2
1784808211 19.2
1784808212 19.0
1784808213 18.4
1784808214 15.5
1784808215 12.7
1784808216 18.4
1784808217 13.3
1784808218 13.6
1784808219 15.5
1784808220 15.6
1784808221 15.1
1784808222 16.9
1784808223 14.7
1784808224 16.2
1784808225 15.2
1784808226 16.0
